Component: ARM Compiler 5.06 update 6 (build 750) Tool: armlink [4d35ed]

==============================================================================

Section Cross References

    main.o(i.PrintfLogo) refers to printfa.o(i.__0printf) for __2printf
    main.o(i.main) refers to arm_pid_reset_f32.o(.text) for arm_pid_reset_f32
    main.o(i.main) refers to arm_pid_init_f32.o(.text) for arm_pid_init_f32
    main.o(i.main) refers to misc.o(i.NVIC_PriorityGroupConfig) for NVIC_PriorityGroupConfig
    main.o(i.main) refers to bsp.o(i.bsp_Init) for bsp_Init
    main.o(i.main) refers to main.o(i.PrintfLogo) for PrintfLogo
    main.o(i.main) refers to bsp_timer.o(i.bsp_StartAutoTimer) for bsp_StartAutoTimer
    main.o(i.main) refers to arm_abs_f32.o(.text) for arm_abs_f32
    main.o(i.main) refers to f2d.o(.text) for __aeabi_f2d
    main.o(i.main) refers to printfa.o(i.__0printf) for __2printf
    main.o(i.main) refers to bsp_timer.o(i.bsp_CheckTimer) for bsp_CheckTimer
    main.o(i.main) refers to bsp_led.o(i.bsp_LedToggle) for bsp_LedToggle
    main.o(i.main) refers to dfltui.o(.text) for __aeabi_ui2d
    main.o(i.main) refers to dmul.o(.text) for __aeabi_dmul
    main.o(i.main) refers to dadd.o(.text) for __aeabi_dsub
    main.o(i.main) refers to d2f.o(.text) for __aeabi_d2f
    main.o(i.main) refers to printfa.o(i.__0sprintf) for __2sprintf
    main.o(i.main) refers to bsp_lcd.o(i.ShowString) for ShowString
    main.o(i.main) refers to cdcmple.o(.text) for __aeabi_cdcmple
    main.o(i.main) refers to bsp_phase_shift.o(i.bsp_set_phase_shift_duty_cycle) for bsp_set_phase_shift_duty_cycle
    main.o(i.main) refers to bsp_lcd.o(.bss) for lcd_dev
    main.o(i.main) refers to bsp_adc.o(.bss) for ADC3ConvertedValue
    main.o(i.main) refers to bsp_adc.o(.data) for reduction_factor
    bsp_key.o(i.IsKeyDown10) refers to bsp_key.o(i.IsKeyDown1) for IsKeyDown1
    bsp_key.o(i.IsKeyDown10) refers to bsp_key.o(i.IsKeyDown2) for IsKeyDown2
    bsp_key.o(i.IsKeyDown9) refers to bsp_key.o(i.IsKeyDown1) for IsKeyDown1
    bsp_key.o(i.IsKeyDown9) refers to bsp_key.o(i.IsKeyDown2) for IsKeyDown2
    bsp_key.o(i.bsp_ClearKey) refers to bsp_key.o(.bss) for s_tKey
    bsp_key.o(i.bsp_DetectKey) refers to bsp_key.o(i.bsp_PutKey) for bsp_PutKey
    bsp_key.o(i.bsp_DetectKey) refers to bsp_key.o(.bss) for s_tBtn
    bsp_key.o(i.bsp_GetKey) refers to bsp_key.o(.bss) for s_tKey
    bsp_key.o(i.bsp_GetKey2) refers to bsp_key.o(.bss) for s_tKey
    bsp_key.o(i.bsp_GetKeyState) refers to bsp_key.o(.bss) for s_tBtn
    bsp_key.o(i.bsp_InitKey) refers to bsp_key.o(i.bsp_InitKeyVar) for bsp_InitKeyVar
    bsp_key.o(i.bsp_InitKey) refers to bsp_key.o(i.bsp_InitKeyHard) for bsp_InitKeyHard
    bsp_key.o(i.bsp_InitKeyHard) refers to stm32f4xx_rcc.o(i.RCC_AHB1PeriphClockCmd) for RCC_AHB1PeriphClockCmd
    bsp_key.o(i.bsp_InitKeyHard) refers to stm32f4xx_gpio.o(i.GPIO_Init) for GPIO_Init
    bsp_key.o(i.bsp_InitKeyVar) refers to bsp_key.o(.bss) for s_tKey
    bsp_key.o(i.bsp_InitKeyVar) refers to bsp_key.o(i.IsKeyDown1) for IsKeyDown1
    bsp_key.o(i.bsp_InitKeyVar) refers to bsp_key.o(i.IsKeyDown2) for IsKeyDown2
    bsp_key.o(i.bsp_InitKeyVar) refers to bsp_key.o(i.IsKeyDown3) for IsKeyDown3
    bsp_key.o(i.bsp_InitKeyVar) refers to bsp_key.o(i.IsKeyDown4) for IsKeyDown4
    bsp_key.o(i.bsp_InitKeyVar) refers to bsp_key.o(i.IsKeyDown5) for IsKeyDown5
    bsp_key.o(i.bsp_InitKeyVar) refers to bsp_key.o(i.IsKeyDown6) for IsKeyDown6
    bsp_key.o(i.bsp_InitKeyVar) refers to bsp_key.o(i.IsKeyDown7) for IsKeyDown7
    bsp_key.o(i.bsp_InitKeyVar) refers to bsp_key.o(i.IsKeyDown8) for IsKeyDown8
    bsp_key.o(i.bsp_InitKeyVar) refers to bsp_key.o(i.IsKeyDown9) for IsKeyDown9
    bsp_key.o(i.bsp_InitKeyVar) refers to bsp_key.o(i.IsKeyDown10) for IsKeyDown10
    bsp_key.o(i.bsp_KeyScan) refers to bsp_key.o(i.bsp_DetectKey) for bsp_DetectKey
    bsp_key.o(i.bsp_PutKey) refers to bsp_key.o(.bss) for s_tKey
    bsp_key.o(i.bsp_SetKeyParam) refers to bsp_key.o(.bss) for s_tBtn
    bsp_led.o(i.bsp_InitLed) refers to stm32f4xx_rcc.o(i.RCC_AHB1PeriphClockCmd) for RCC_AHB1PeriphClockCmd
    bsp_led.o(i.bsp_InitLed) refers to bsp_led.o(i.bsp_LedOff) for bsp_LedOff
    bsp_led.o(i.bsp_InitLed) refers to stm32f4xx_gpio.o(i.GPIO_Init) for GPIO_Init
    bsp_timer.o(i.SysTick_Handler) refers to bsp_timer.o(i.SysTick_ISR) for SysTick_ISR
    bsp_timer.o(i.SysTick_ISR) refers to bsp_timer.o(i.bsp_SoftTimerDec) for bsp_SoftTimerDec
    bsp_timer.o(i.SysTick_ISR) refers to bsp.o(i.bsp_RunPer1ms) for bsp_RunPer1ms
    bsp_timer.o(i.SysTick_ISR) refers to bsp.o(i.bsp_RunPer10ms) for bsp_RunPer10ms
    bsp_timer.o(i.SysTick_ISR) refers to bsp_timer.o(.data) for s_uiDelayCount
    bsp_timer.o(i.SysTick_ISR) refers to bsp_timer.o(.bss) for s_tTmr
    bsp_timer.o(i.TIM5_IRQHandler) refers to stm32f4xx_tim.o(i.TIM_GetITStatus) for TIM_GetITStatus
    bsp_timer.o(i.TIM5_IRQHandler) refers to stm32f4xx_tim.o(i.TIM_ClearITPendingBit) for TIM_ClearITPendingBit
[...]
    ..\\..\\USMART\\usmart_config.c          0x00000000   Number         0  usmart_config.o ABSOLUTE
    ..\\..\\USMART\\usmart_str.c             0x00000000   Number         0  usmart_str.o ABSOLUTE
    ..\\..\\User\\bsp_stm32f4xx\\LCD\\bsp_lcd.c 0x00000000   Number         0  bsp_lcd.o ABSOLUTE
    ..\\..\\User\\bsp_stm32f4xx\\PWMInput\\bsp_pwminput.c 0x00000000   Number         0  bsp_pwminput.o ABSOLUTE
    ..\\..\\User\\bsp_stm32f4xx\\bsp.c       0x00000000   Number         0  bsp.o ABSOLUTE
    ..\\..\\User\\bsp_stm32f4xx\\phase_shift\\bsp_phase_shift.c 0x00000000   Number         0  bsp_phase_shift.o ABSOLUTE
    ..\\..\\User\\bsp_stm32f4xx\\src\\bsp_adc.c 0x00000000   Number         0  bsp_adc.o ABSOLUTE
    ..\\..\\User\\bsp_stm32f4xx\\src\\bsp_key.c 0x00000000   Number         0  bsp_key.o ABSOLUTE
    ..\\..\\User\\bsp_stm32f4xx\\src\\bsp_led.c 0x00000000   Number         0  bsp_led.o ABSOLUTE
    ..\\..\\User\\bsp_stm32f4xx\\src\\bsp_modbus.c 0x00000000   Number         0  bsp_modbus.o ABSOLUTE
    ..\\..\\User\\bsp_stm32f4xx\\src\\bsp_tim_pwm.c 0x00000000   Number         0  bsp_tim_pwm.o ABSOLUTE
    ..\\..\\User\\bsp_stm32f4xx\\src\\bsp_timer.c 0x00000000   Number         0  bsp_timer.o ABSOLUTE
    ..\\..\\User\\bsp_stm32f4xx\\src\\bsp_uart_fifo.c 0x00000000   Number         0  bsp_uart_fifo.o ABSOLUTE
    ..\\..\\User\\bsp_stm32f4xx\\src\\bsp_user_lib.c 0x00000000   Number         0  bsp_user_lib.o ABSOLUTE
    ..\\..\\User\\bsp_stm32f4xx\\stm32f4xx_assert.c 0x00000000   Number         0  stm32f4xx_assert.o ABSOLUTE
    ..\\..\\User\\bsp_stm32f4xx\\stm32f4xx_it.c 0x00000000   Number         0  stm32f4xx_it.o ABSOLUTE
    ..\\..\\User\\bsp_stm32f4xx\\system_stm32f4xx.c 0x00000000   Number         0  system_stm32f4xx.o ABSOLUTE
    ..\\..\\User\\main.c                     0x00000000   Number         0  main.o ABSOLUTE
    ..\\BasicMathFunctions\\arm_abs_f32.c    0x00000000   Number         0  arm_abs_f32.o ABSOLUTE
    ..\\ControllerFunctions\\arm_pid_init_f32.c 0x00000000   Number         0  arm_pid_init_f32.o ABSOLUTE
    ..\\ControllerFunctions\\arm_pid_reset_f32.c 0x00000000   Number         0  arm_pid_reset_f32.o ABSOLUTE
    cdcmple.s                                0x00000000   Number         0  cdcmple.o ABSOLUTE
    cdrcmple.s                               0x00000000   Number         0  cdrcmple.o ABSOLUTE
    dc.s                                     0x00000000   Number         0  dc.o ABSOLUTE
    handlers.s                               0x00000000   Number         0  handlers.o ABSOLUTE
    init.s                                   0x00000000   Number         0  init.o ABSOLUTE
    RESET                                    0x08000000   Section      392  startup_stm32f40_41xxx.o(RESET)
    .ARM.Collect$$$$00000000                 0x08000188   Section        0  entry.o(.ARM.Collect$$$$00000000)
    .ARM.Collect$$$$00000001                 0x08000188   Section        4  entry2.o(.ARM.Collect$$$$00000001)
    .ARM.Collect$$$$00000004                 0x0800018c   Section        4  entry5.o(.ARM.Collect$$$$00000004)
    .ARM.Collect$$$$00000008                 0x08000190   Section        0  entry7b.o(.ARM.Collect$$$$00000008)
    .ARM.Collect$$$$0000000A                 0x08000190   Section        0  entry8b.o(.ARM.Collect$$$$0000000A)
    .ARM.Collect$$$$0000000B                 0x08000190   Section        8  entry9a.o(.ARM.Collect$$$$0000000B)
    .ARM.Collect$$$$0000000D                 0x08000198   Section        0  entry10a.o(.ARM.Collect$$$$0000000D)
    .ARM.Collect$$$$0000000F                 0x08000198   Section        0  entry11a.o(.ARM.Collect$$$$0000000F)
    .ARM.Collect$$$$00002712                 0x08000198   Section        4  entry2.o(.ARM.Collect$$$$00002712)
    __lit__00000000                          0x08000198   Data           4  entry2.o(.ARM.Collect$$$$00002712)
    .text                                    0x0800019c   Section       36  startup_stm32f40_41xxx.o(.text)
    $v0                                      0x0800019c   Number         0  startup_stm32f40_41xxx.o(.text)
    .text                                    0x080001c0   Section        0  arm_abs_f32.o(.text)
    .text                                    0x08000264   Section        0  arm_pid_init_f32.o(.text)
    .text                                    0x0800029c   Section        0  arm_pid_reset_f32.o(.text)
    .text                                    0x080002a6   Section        0  dadd.o(.text)
    .text                                    0x080003f4   Section        0  dmul.o(.text)
    .text                                    0x080004d8   Section        0  ddiv.o(.text)
    .text                                    0x080005b6   Section        0  dflti.o(.text)
    .text                                    0x080005d8   Section        0  dfltui.o(.text)
    .text                                    0x080005f2   Section        0  dfixui.o(.text)
    .text                                    0x08000624   Section        0  f2d.o(.text)
    .text                                    0x0800064c   Section       48  cdcmple.o(.text)
    .text                                    0x0800067c   Section        0  d2f.o(.text)
    .text                                    0x080006b4   Section        0  uidiv.o(.text)
    .text                                    0x080006e0   Section        0  uldiv.o(.text)
    .text                                    0x08000742   Section        0  llshl.o(.text)
    .text                                    0x08000760   Section        0  llushr.o(.text)
    .text                                    0x08000780   Section        0  llsshr.o(.text)
    .text                                    0x080007a4   Section        0  fepilogue.o(.text)
    .text                                    0x080007a4   Section        0  iusefp.o(.text)
    .text                                    0x08000812   Section        0  depilogue.o(.text)
    .text                                    0x080008cc   Section        0  dfixul.o(.text)
    .text                                    0x080008fc   Section       48  cdrcmple.o(.text)
    .text                                    0x0800092c   Section       36  init.o(.text)
    .text                                    0x08000950   Section        0  __dczerorl2.o(.text)
    i.ADC_Cmd                                0x080009a6   Section        0  stm32f4xx_adc.o(i.ADC_Cmd)
    i.ADC_CommonInit                         0x080009bc   Section        0  stm32f4xx_adc.o(i.ADC_CommonInit)
    i.ADC_DMACmd                             0x080009ec   Section        0  stm32f4xx_adc.o(i.ADC_DMACmd)
    i.ADC_DMARequestAfterLastTransferCmd     0x08000a02   Section        0  stm32f4xx_adc.o(i.ADC_DMARequestAfterLastTransferCmd)
    i.ADC_Init                               0x08000a18   Section        0  stm32f4xx_adc.o(i.ADC_Init)
    i.ADC_RegularChannelConfig               0x08000a6c   Section        0  stm32f4xx_adc.o(i.ADC_RegularChannelConfig)
    i.ADC_SoftwareStartConv                  0x08000b24   Section        0  stm32f4xx_adc.o(i.ADC_SoftwareStartConv)
    i.BlockWrite                             0x08000b2e   Section        0  bsp_lcd.o(i.BlockWrite)
    i.BusFault_Handler                       0x08000b88   Section        0  stm32f4xx_it.o(i.BusFault_Handler)
    i.ComToUart                              0x08000b8c   Section        0  bsp_uart_fifo.o(i.ComToUart)
    i.ConfigUartNVIC                         0x08000bd0   Section        0  bsp_uart_fifo.o(i.ConfigUartNVIC)
    ConfigUartNVIC                           0x08000bd1   Thumb Code    98  bsp_uart_fifo.o(i.ConfigUartNVIC)
    i.DMA_Cmd                                0x08000c32   Section        0  stm32f4xx_dma.o(i.DMA_Cmd)
    i.DMA_Init                               0x08000c48   Section        0  stm32f4xx_dma.o(i.DMA_Init)
    i.DebugMon_Handler                       0x08000ca0   Section        0  stm32f4xx_it.o(i.DebugMon_Handler)
    i.Delay                                  0x08000ca2   Section        0  bsp_lcd.o(i.Delay)
    i.DrawLine                               0x08000cae   Section        0  bsp_lcd.o(i.DrawLine)
    i.DrawPoint                              0x08000d5a   Section        0  bsp_lcd.o(i.DrawPoint)
    i.DrawRectangle                          0x08000dac   Section        0  bsp_lcd.o(i.DrawRectangle)
    i.FSMC_NORSRAMCmd                        0x08000df8   Section        0  stm32f4xx_fsmc.o(i.FSMC_NORSRAMCmd)
    i.FSMC_NORSRAMInit                       0x08000e2c   Section        0  stm32f4xx_fsmc.o(i.FSMC_NORSRAMInit)
    i.GPIO_Init                              0x08000f54   Section        0  stm32f4xx_gpio.o(i.GPIO_Init)
    i.GPIO_PinAFConfig                       0x08000fe4   Section        0  stm32f4xx_gpio.o(i.GPIO_PinAFConfig)
    i.GPIO_SetBits                           0x0800102a   Section        0  stm32f4xx_gpio.o(i.GPIO_SetBits)
    i.HardFault_Handler                      0x08001030   Section        0  stm32f4xx_it.o(i.HardFault_Handler)
    i.InitHardUart                           0x08001088   Section        0  bsp_uart_fifo.o(i.InitHardUart)
    InitHardUart                             0x08001089   Thumb Code   710  bsp_uart_fifo.o(i.InitHardUart)
    i.LCD_FSMC_Config                        0x08001370   Section        0  bsp_lcd.o(i.LCD_FSMC_Config)
    LCD_FSMC_Config                          0x08001371   Thumb Code    86  bsp_lcd.o(i.LCD_FSMC_Config)
    i.LCD_GPIO_Config                        0x080013c8   Section        0  bsp_lcd.o(i.LCD_GPIO_Config)
    i.Lcd_ColorBox                           0x08001510   Section        0  bsp_lcd.o(i.Lcd_ColorBox)
    i.Lcd_Init                               0x08001550   Section        0  bsp_lcd.o(i.Lcd_Init)
    i.MODBUS_ReciveNew                       0x08001950   Section        0  bsp_modbus.o(i.MODBUS_ReciveNew)
    i.MODBUS_RxTimeOut                       0x08001998   Section        0  bsp_modbus.o(i.MODBUS_RxTimeOut)
    MODBUS_RxTimeOut                         0x08001999   Thumb Code     8  bsp_modbus.o(i.MODBUS_RxTimeOut)
    i.MemManage_Handler                      0x080019a4   Section        0  stm32f4xx_it.o(i.MemManage_Handler)
    i.NMI_Handler                            0x080019a8   Section        0  stm32f4xx_it.o(i.NMI_Handler)
    i.NVIC_Init                              0x080019ac   Section        0  misc.o(i.NVIC_Init)
    i.NVIC_PriorityGroupConfig               0x08001a24   Section        0  misc.o(i.NVIC_PriorityGroupConfig)
    i.PendSV_Handler                         0x08001a38   Section        0  stm32f4xx_it.o(i.PendSV_Handler)
    i.PrintfLogo                             0x08001a3c   Section        0  main.o(i.PrintfLogo)
    PrintfLogo                               0x08001a3d   Thumb Code    94  main.o(i.PrintfLogo)
    i.RCC_AHB1PeriphClockCmd                 0x08001bec   Section        0  stm32f4xx_rcc.o(i.RCC_AHB1PeriphClockCmd)
    i.RCC_AHB3PeriphClockCmd                 0x08001c0c   Section        0  stm32f4xx_rcc.o(i.RCC_AHB3PeriphClockCmd)
    i.RCC_APB1PeriphClockCmd                 0x08001c2c   Section        0  stm32f4xx_rcc.o(i.RCC_APB1PeriphClockCmd)
    i.RCC_APB2PeriphClockCmd                 0x08001c4c   Section        0  stm32f4xx_rcc.o(i.RCC_APB2PeriphClockCmd)
    i.RCC_GetClocksFreq                      0x08001c6c   Section        0  stm32f4xx_rcc.o(i.RCC_GetClocksFreq)
    i.RS485_InitTXE                          0x08001d54   Section        0  bsp_uart_fifo.o(i.RS485_InitTXE)
    i.RS485_ReciveNew                        0x08001d88   Section        0  bsp_uart_fifo.o(i.RS485_ReciveNew)
    i.RS485_SendBefor                        0x08001d94   Section        0  bsp_uart_fifo.o(i.RS485_SendBefor)
    i.RS485_SendOver                         0x08001da0   Section        0  bsp_uart_fifo.o(i.RS485_SendOver)
    i.Read_ID                                0x08001dac   Section        0  bsp_lcd.o(i.Read_ID)
    i.Reduction_Factor_Modify                0x08001de0   Section        0  bsp_adc.o(i.Reduction_Factor_Modify)
    i.SVC_Handler                            0x08001e74   Section        0  stm32f4xx_it.o(i.SVC_Handler)
    i.SetSysClock                            0x08001e78   Section        0  system_stm32f4xx.o(i.SetSysClock)
    SetSysClock                              0x08001e79   Thumb Code   220  system_stm32f4xx.o(i.SetSysClock)
    i.ShowChar                               0x08001f64   Section        0  bsp_lcd.o(i.ShowChar)
    i.ShowString                             0x08002080   Section        0  bsp_lcd.o(i.ShowString)
    i.SysTick_Handler                        0x080020e6   Section        0  bsp_timer.o(i.SysTick_Handler)
    i.SysTick_ISR                            0x080020f0   Section        0  bsp_timer.o(i.SysTick_ISR)
    i.SystemInit                             0x08002174   Section        0  system_stm32f4xx.o(i.SystemInit)
    i.TIM3_IRQHandler                        0x080021dc   Section        0  bsp_pwminput.o(i.TIM3_IRQHandler)
    i.TIM4_IRQHandler                        0x08002308   Section        0  usmart.o(i.TIM4_IRQHandler)
    i.TIM5_IRQHandler                        0x08002340   Section        0  bsp_timer.o(i.TIM5_IRQHandler)
    i.TIM_BDTRConfig                         0x080023e0   Section        0  stm32f4xx_tim.o(i.TIM_BDTRConfig)
    i.TIM_CCPreloadControl                   0x08002400   Section        0  stm32f4xx_tim.o(i.TIM_CCPreloadControl)
    i.TIM_CCxCmd                             0x08002418   Section        0  stm32f4xx_tim.o(i.TIM_CCxCmd)
    i.TIM_ClearFlag                          0x08002436   Section        0  stm32f4xx_tim.o(i.TIM_ClearFlag)
    i.TIM_ClearITPendingBit                  0x0800243c   Section        0  stm32f4xx_tim.o(i.TIM_ClearITPendingBit)
    i.TIM_Cmd                                0x08002442   Section        0  stm32f4xx_tim.o(i.TIM_Cmd)
    i.TIM_CtrlPWMOutputs                     0x0800245a   Section        0  stm32f4xx_tim.o(i.TIM_CtrlPWMOutputs)
    i.TIM_GetCapture1                        0x08002478   Section        0  stm32f4xx_tim.o(i.TIM_GetCapture1)
    i.TIM_GetCapture2                        0x0800247e   Section        0  stm32f4xx_tim.o(i.TIM_GetCapture2)
    i.TIM_GetCounter                         0x08002484   Section        0  stm32f4xx_tim.o(i.TIM_GetCounter)
    i.TIM_GetFlagStatus                      0x0800248a   Section        0  stm32f4xx_tim.o(i.TIM_GetFlagStatus)
    i.TIM_GetITStatus                        0x0800249c   Section        0  stm32f4xx_tim.o(i.TIM_GetITStatus)
    i.TIM_ITConfig                           0x080024be   Section        0  stm32f4xx_tim.o(i.TIM_ITConfig)
    i.TIM_OC1Init                            0x080024d0   Section        0  stm32f4xx_tim.o(i.TIM_OC1Init)
    i.TIM_OC1PreloadConfig                   0x0800254c   Section        0  stm32f4xx_tim.o(i.TIM_OC1PreloadConfig)
    i.TIM_OC2Init                            0x08002560   Section        0  stm32f4xx_tim.o(i.TIM_OC2Init)
    i.TIM_OC2PreloadConfig                   0x08002604   Section        0  stm32f4xx_tim.o(i.TIM_OC2PreloadConfig)
    i.TIM_SetAutoreload                      0x0800261e   Section        0  stm32f4xx_tim.o(i.TIM_SetAutoreload)
    i.TIM_SetCompare1                        0x08002622   Section        0  stm32f4xx_tim.o(i.TIM_SetCompare1)
    i.TIM_SetCompare2                        0x08002626   Section        0  stm32f4xx_tim.o(i.TIM_SetCompare2)
    i.TIM_SetCompare3                        0x0800262a   Section        0  stm32f4xx_tim.o(i.TIM_SetCompare3)
    i.TIM_SetCompare4                        0x0800262e   Section        0  stm32f4xx_tim.o(i.TIM_SetCompare4)
    i.TIM_SetCounter                         0x08002632   Section        0  stm32f4xx_tim.o(i.TIM_SetCounter)
    i.TIM_TimeBaseInit                       0x08002638   Section        0  stm32f4xx_tim.o(i.TIM_TimeBaseInit)
    i.Timer4_Init                            0x080026bc   Section        0  usmart.o(i.Timer4_Init)
    i.USART1_IRQHandler                      0x08002718   Section        0  bsp_uart_fifo.o(i.USART1_IRQHandler)
    i.USART2_IRQHandler                      0x08002728   Section        0  bsp_uart_fifo.o(i.USART2_IRQHandler)
    i.USART3_IRQHandler                      0x08002738   Section        0  bsp_uart_fifo.o(i.USART3_IRQHandler)
    i.USART6_IRQHandler                      0x08002748   Section        0  bsp_uart_fifo.o(i.USART6_IRQHandler)
    i.USART_ClearFlag                        0x08002758   Section        0  stm32f4xx_usart.o(i.USART_ClearFlag)
    i.USART_Cmd                              0x0800276a   Section        0  stm32f4xx_usart.o(i.USART_Cmd)
    i.USART_GetITStatus                      0x08002782   Section        0  stm32f4xx_usart.o(i.USART_GetITStatus)
    i.USART_ITConfig                         0x080027d6   Section        0  stm32f4xx_usart.o(i.USART_ITConfig)
    i.USART_Init                             0x08002820   Section        0  stm32f4xx_usart.o(i.USART_Init)
    i.USART_ReceiveData                      0x080028f4   Section        0  stm32f4xx_usart.o(i.USART_ReceiveData)
    i.USART_SendData                         0x080028fe   Section        0  stm32f4xx_usart.o(i.USART_SendData)
    i.UartIRQ                                0x08002908   Section        0  bsp_uart_fifo.o(i.UartIRQ)
    UartIRQ                                  0x08002909   Thumb Code   330  bsp_uart_fifo.o(i.UartIRQ)
    i.UartSend                               0x08002a5c   Section        0  bsp_uart_fifo.o(i.UartSend)
    UartSend                                 0x08002a5d   Thumb Code   114  bsp_uart_fifo.o(i.UartSend)
    i.UartVarInit                            0x08002ad0   Section        0  bsp_uart_fifo.o(i.UartVarInit)
    UartVarInit                              0x08002ad1   Thumb Code   176  bsp_uart_fifo.o(i.UartVarInit)
    i.UsageFault_Handler                     0x08002bcc   Section        0  stm32f4xx_it.o(i.UsageFault_Handler)
    i.WriteComm                              0x08002bd0   Section        0  bsp_lcd.o(i.WriteComm)
    WriteComm                                0x08002bd1   Thumb Code     8  bsp_lcd.o(i.WriteComm)
    i.WriteData                              0x08002bd8   Section        0  bsp_lcd.o(i.WriteData)
    WriteData                                0x08002bd9   Thumb Code     6  bsp_lcd.o(i.WriteData)
    i.__0printf                              0x08002be4   Section        0  printfa.o(i.__0printf)
    i.__0sprintf                             0x08002c04   Section        0  printfa.o(i.__0sprintf)
    i.__scatterload_copy                     0x08002c2c   Section       14  handlers.o(i.__scatterload_copy)
    i.__scatterload_null                     0x08002c3a   Section        2  handlers.o(i.__scatterload_null)
    i.__scatterload_zeroinit                 0x08002c3c   Section       14  handlers.o(i.__scatterload_zeroinit)
    i.__set_PRIMASK                          0x08002c4a   Section        0  bsp_timer.o(i.__set_PRIMASK)
    __set_PRIMASK                            0x08002c4b   Thumb Code     6  bsp_timer.o(i.__set_PRIMASK)
    i.__set_PRIMASK                          0x08002c50   Section        0  bsp_uart_fifo.o(i.__set_PRIMASK)
    __set_PRIMASK                            0x08002c51   Thumb Code     6  bsp_uart_fifo.o(i.__set_PRIMASK)
    i._fp_digits                             0x08002c58   Section        0  printfa.o(i._fp_digits)
    _fp_digits                               0x08002c59   Thumb Code   366  printfa.o(i._fp_digits)
    i._printf_core                           0x08002ddc   Section        0  printfa.o(i._printf_core)
    _printf_core                             0x08002ddd   Thumb Code  1744  printfa.o(i._printf_core)
    i._printf_post_padding                   0x080034b8   Section        0  printfa.o(i._printf_post_padding)
    _printf_post_padding                     0x080034b9   Thumb Code    36  printfa.o(i._printf_post_padding)
    i._printf_pre_padding                    0x080034dc   Section        0  printfa.o(i._printf_pre_padding)
    _printf_pre_padding                      0x080034dd   Thumb Code    46  printfa.o(i._printf_pre_padding)
    i._sputc                                 0x0800350a   Section        0  printfa.o(i._sputc)
    _sputc                                   0x0800350b   Thumb Code    10  printfa.o(i._sputc)
    i.bsp_CheckTimer                         0x08003514   Section        0  bsp_timer.o(i.bsp_CheckTimer)
    i.bsp_DelayMS                            0x08003548   Section        0  bsp_timer.o(i.bsp_DelayMS)
    i.bsp_DelayUS                            0x0800358c   Section        0  bsp_timer.o(i.bsp_DelayUS)
    i.bsp_Idle                               0x080035e0   Section        0  bsp.o(i.bsp_Idle)
    i.bsp_Init                               0x080035e4   Section        0  bsp.o(i.bsp_Init)
    i.bsp_InitADC                            0x08003614   Section        0  bsp_adc.o(i.bsp_InitADC)
    i.bsp_InitHardTimer                      0x08003710   Section        0  bsp_timer.o(i.bsp_InitHardTimer)
    i.bsp_InitLed                            0x08003778   Section        0  bsp_led.o(i.bsp_InitLed)
    i.bsp_InitTimer                          0x080037d4   Section        0  bsp_timer.o(i.bsp_InitTimer)
    i.bsp_InitUart                           0x08003870   Section        0  bsp_uart_fifo.o(i.bsp_InitUart)
    i.bsp_LedOff                             0x08003884   Section        0  bsp_led.o(i.bsp_LedOff)
    i.bsp_LedToggle                          0x080038a8   Section        0  bsp_led.o(i.bsp_LedToggle)
    i.bsp_RunPer10ms                         0x080038d0   Section        0  bsp.o(i.bsp_RunPer10ms)
    i.bsp_RunPer1ms                          0x080038d2   Section        0  bsp.o(i.bsp_RunPer1ms)
    i.bsp_SoftTimerDec                       0x080038d4   Section        0  bsp_timer.o(i.bsp_SoftTimerDec)
    bsp_SoftTimerDec                         0x080038d5   Thumb Code    28  bsp_timer.o(i.bsp_SoftTimerDec)
    i.bsp_StartAutoTimer                     0x080038f0   Section        0  bsp_timer.o(i.bsp_StartAutoTimer)
    i.bsp_StartHardTimer                     0x08003998   Section        0  bsp_timer.o(i.bsp_StartHardTimer)
    i.bsp_phase_shift_init                   0x08003a60   Section        0  bsp_phase_shift.o(i.bsp_phase_shift_init)
    i.bsp_set_phase_shift_duty_cycle         0x08003ca4   Section        0  bsp_phase_shift.o(i.bsp_set_phase_shift_duty_cycle)
    i.comSendBuf                             0x08003d30   Section        0  bsp_uart_fifo.o(i.comSendBuf)
    i.comSendChar                            0x08003d5e   Section        0  bsp_uart_fifo.o(i.comSendChar)
    i.fputc                                  0x08003d6e   Section        0  bsp_uart_fifo.o(i.fputc)
    i.main                                   0x08003d80   Section        0  main.o(i.main)
    i.read_addr                              0x08004010   Section        0  usmart.o(i.read_addr)
    i.set_mode                               0x08004016   Section        0  bsp_lcd.o(i.set_mode)
    i.usmart_cmd_rec                         0x08004038   Section        0  usmart.o(i.usmart_cmd_rec)
    i.usmart_exe                             0x080040e8   Section        0  usmart.o(i.usmart_exe)
    i.usmart_get_aparm                       0x080043bc   Section        0  usmart_str.o(i.usmart_get_aparm)
    i.usmart_get_cmdname                     0x08004484   Section        0  usmart_str.o(i.usmart_get_cmdname)
    i.usmart_get_fname                       0x080044bc   Section        0  usmart_str.o(i.usmart_get_fname)
    i.usmart_get_fparam                      0x0800467c   Section        0  usmart_str.o(i.usmart_get_fparam)
    i.usmart_get_parmpos                     0x08004788   Section        0  usmart_str.o(i.usmart_get_parmpos)
    i.usmart_get_runtime                     0x080047a8   Section        0  usmart.o(i.usmart_get_runtime)
    i.usmart_init                            0x080047ec   Section        0  usmart.o(i.usmart_init)
    i.usmart_pow                             0x08004814   Section        0  usmart_str.o(i.usmart_pow)
    i.usmart_reset_runtime                   0x0800482c   Section        0  usmart.o(i.usmart_reset_runtime)
    i.usmart_scan                            0x0800485c   Section        0  usmart.o(i.usmart_scan)
    i.usmart_search_nextc                    0x08004918   Section        0  usmart_str.o(i.usmart_search_nextc)
    i.usmart_str2num                         0x0800492e   Section        0  usmart_str.o(i.usmart_str2num)
    i.usmart_strcmp                          0x080049f8   Section        0  usmart_str.o(i.usmart_strcmp)
    i.usmart_strcopy                         0x08004a1a   Section        0  usmart_str.o(i.usmart_strcopy)
    i.usmart_strlen                          0x08004a30   Section        0  usmart_str.o(i.usmart_strlen)
    i.usmart_sys_cmd_exe                     0x08004a48   Section        0  usmart.o(i.usmart_sys_cmd_exe)
    i.write_addr                             0x0800512c   Section        0  usmart.o(i.write_addr)
    .constdata                               0x08005130   Section       48  bsp_timer.o(.constdata)
    __FUNCTION__                             0x08005130   Data          15  bsp_timer.o(.constdata)
    __FUNCTION__                             0x0800513f   Data          19  bsp_timer.o(.constdata)
    __FUNCTION__                             0x08005152   Data          14  bsp_timer.o(.constdata)
    .constdata                               0x08005160   Section     6080  bsp_lcd.o(.constdata)
    .conststring                             0x08006920   Section       40  usmart.o(.conststring)
    .conststring                             0x08006948   Section      632  usmart_config.o(.conststring)
    .data                                    0x20000000   Section       29  bsp_timer.o(.data)
    s_uiDelayCount                           0x20000000   Data           4  bsp_timer.o(.data)
    s_ucTimeOutFlag                          0x20000004   Data           1  bsp_timer.o(.data)
    s_TIM_CallBack1                          0x2000000c   Data           4  bsp_timer.o(.data)
    s_TIM_CallBack2                          0x20000010   Data           4  bsp_timer.o(.data)
    s_TIM_CallBack3                          0x20000014   Data           4  bsp_timer.o(.data)
    s_TIM_CallBack4                          0x20000018   Data           4  bsp_timer.o(.data)
    s_count                                  0x2000001c   Data           1  bsp_timer.o(.data)
    .data                                    0x2000001e   Section        3  bsp_uart_fifo.o(.data)
    g_TxBuf2                                 0x20000020   Data           1  bsp_uart_fifo.o(.data)
    .data                                    0x20000021   Section        1  bsp_modbus.o(.data)
    g_rtu_timeout                            0x20000021   Data           1  bsp_modbus.o(.data)
    .data                                    0x20000024   Section        8  bsp_adc.o(.data)
    .data                                    0x2000002c   Section       16  stm32f4xx_rcc.o(.data)
    APBAHBPrescTable                         0x2000002c   Data          16  stm32f4xx_rcc.o(.data)
    .data                                    0x2000003c   Section       20  system_stm32f4xx.o(.data)
    .data                                    0x20000050   Section       28  usmart.o(.data)
    .data                                    0x2000006c   Section      340  usmart_config.o(.data)
    .data                                    0x200001c0   Section        4  stdout.o(.data)
    .bss                                     0x200001c4   Section       48  bsp_timer.o(.bss)
    s_tTmr                                   0x200001c4   Data          48  bsp_timer.o(.bss)
    .bss                                     0x200001f4   Section     8552  bsp_uart_fifo.o(.bss)
    g_tUart1                                 0x200002bc   Data          40  bsp_uart_fifo.o(.bss)
    g_TxBuf1                                 0x200002e4   Data        1024  bsp_uart_fifo.o(.bss)
    g_RxBuf1                                 0x200006e4   Data        1024  bsp_uart_fifo.o(.bss)
    g_tUart2                                 0x20000ae4   Data          40  bsp_uart_fifo.o(.bss)
    g_RxBuf2                                 0x20000b0c   Data        2048  bsp_uart_fifo.o(.bss)
    g_tUart3                                 0x2000130c   Data          40  bsp_uart_fifo.o(.bss)
    g_TxBuf3                                 0x20001334   Data        1024  bsp_uart_fifo.o(.bss)
    g_RxBuf3                                 0x20001734   Data        1024  bsp_uart_fifo.o(.bss)
    g_tUart6                                 0x20001b34   Data          40  bsp_uart_fifo.o(.bss)
    g_TxBuf6                                 0x20001b5c   Data        1024  bsp_uart_fifo.o(.bss)
    g_RxBuf6                                 0x20001f5c   Data        1024  bsp_uart_fifo.o(.bss)
    .bss                                     0x2000235c   Section       12  bsp_lcd.o(.bss)
    .bss                                     0x20002368   Section      400  bsp_modbus.o(.bss)
    .bss                                     0x200024f8   Section       40  bsp_adc.o(.bss)
    STACK                                    0x20002520   Section     1024  startup_stm32f40_41xxx.o(STACK)

    Global Symbols

    Symbol Name                              Value     Ov Type        Size  Object(Section)

    BuildAttributes$$THM_ISAv4$E$P$D$K$B$S$7EM$VFPi3$EXTD16$VFPS$VFMA$PE$A:L22UL41UL21$X:L11$S22US41US21$IEEE1$IW$USESV6$~STKCKD$USESV7$~SHL$OTIME$ROPI$IEEEX$EBA8$MICROLIB$REQ8$PRES8$EABIv2 0x00000000   Number         0  anon$$obj.o ABSOLUTE
    __ARM_use_no_argv                        0x00000000   Number         0  main.o ABSOLUTE
    _printf_a                                0x00000000   Number         0  stubs.o ABSOLUTE
    _printf_c                                0x00000000   Number         0  stubs.o ABSOLUTE
    _printf_charcount                        0x00000000   Number         0  stubs.o ABSOLUTE
    _printf_d                                0x00000000   Number         0  stubs.o ABSOLUTE
    _printf_e                                0x00000000   Number         0  stubs.o ABSOLUTE
    _printf_f                                0x00000000   Number         0  stubs.o ABSOLUTE
    _printf_flags                            0x00000000   Number         0  stubs.o ABSOLUTE
    _printf_fp_dec                           0x00000000   Number         0  stubs.o ABSOLUTE
    _printf_fp_hex                           0x00000000   Number         0  stubs.o ABSOLUTE
    _printf_g                                0x00000000   Number         0  stubs.o ABSOLUTE
    _printf_i                                0x00000000   Number         0  stubs.o ABSOLUTE
    _printf_int_dec                          0x00000000   Number         0  stubs.o ABSOLUTE
    _printf_l                                0x00000000   Number         0  stubs.o ABSOLUTE
    _printf_lc                               0x00000000   Number         0  stubs.o ABSOLUTE
    _printf_ll                               0x00000000   Number         0  stubs.o ABSOLUTE
    _printf_lld                              0x00000000   Number         0  stubs.o ABSOLUTE
    _printf_lli                              0x00000000   Number         0  stubs.o ABSOLUTE
    _printf_llo                              0x00000000   Number         0  stubs.o ABSOLUTE
    _printf_llu                              0x00000000   Number         0  stubs.o ABSOLUTE
    _printf_llx                              0x00000000   Number         0  stubs.o ABSOLUTE
    _printf_longlong_dec                     0x00000000   Number         0  stubs.o ABSOLUTE
    _printf_longlong_hex                     0x00000000   Number         0  stubs.o ABSOLUTE
    _printf_longlong_oct                     0x00000000   Number         0  stubs.o ABSOLUTE
    _printf_ls                               0x00000000   Number         0  stubs.o ABSOLUTE
    _printf_mbtowc                           0x00000000   Number         0  stubs.o ABSOLUTE
    _printf_n                                0x00000000   Number         0  stubs.o ABSOLUTE
    _printf_o                                0x00000000   Number         0  stubs.o ABSOLUTE
    _printf_p                                0x00000000   Number         0  stubs.o ABSOLUTE
    _printf_percent                          0x00000000   Number         0  stubs.o ABSOLUTE
    _printf_pre_padding                      0x00000000   Number         0  stubs.o ABSOLUTE
    _printf_return_value                     0x00000000   Number         0  stubs.o ABSOLUTE
    _printf_s                                0x00000000   Number         0  stubs.o ABSOLUTE
    _printf_sizespec                         0x00000000   Number         0  stubs.o ABSOLUTE
    _printf_str                              0x00000000   Number         0  stubs.o ABSOLUTE
    _printf_truncate_signed                  0x00000000   Number         0  stubs.o ABSOLUTE
    _printf_truncate_unsigned                0x00000000   Number         0  stubs.o ABSOLUTE
    _printf_u                                0x00000000   Number         0  stubs.o ABSOLUTE
    _printf_wc                               0x00000000   Number         0  stubs.o ABSOLUTE
    _printf_wctomb                           0x00000000   Number         0  stubs.o ABSOLUTE
    _printf_widthprec                        0x00000000   Number         0  stubs.o ABSOLUTE
    _printf_x                                0x00000000   Number         0  stubs.o ABSOLUTE
    __cpp_initialize__aeabi_                  - Undefined Weak Reference
    __cxa_finalize                            - Undefined Weak Reference
    _clock_init                               - Undefined Weak Reference
    _microlib_exit                            - Undefined Weak Reference
    __Vectors_Size                           0x00000188   Number         0  startup_stm32f40_41xxx.o ABSOLUTE
    __Vectors                                0x08000000   Data           4  startup_stm32f40_41xxx.o(RESET)
    __Vectors_End                            0x08000188   Data           0  startup_stm32f40_41xxx.o(RESET)
    __main                                   0x08000189   Thumb Code     0  entry.o(.ARM.Collect$$$$00000000)
    _main_stk                                0x08000189   Thumb Code     0  entry2.o(.ARM.Collect$$$$00000001)
    _main_scatterload                        0x0800018d   Thumb Code     0  entry5.o(.ARM.Collect$$$$00000004)
    __main_after_scatterload                 0x08000191   Thumb Code     0  entry5.o(.ARM.Collect$$$$00000004)
    _main_clock                              0x08000191   Thumb Code     0  entry7b.o(.ARM.Collect$$$$00000008)
    _main_cpp_init                           0x08000191   Thumb Code     0  entry8b.o(.ARM.Collect$$$$0000000A)
    _main_init                               0x08000191   Thumb Code     0  entry9a.o(.ARM.Collect$$$$0000000B)
    __rt_final_cpp                           0x08000199   Thumb Code     0  entry10a.o(.ARM.Collect$$$$0000000D)
    __rt_final_exit                          0x08000199   Thumb Code     0  entry11a.o(.ARM.Collect$$$$0000000F)
    Reset_Handler                            0x0800019d   Thumb Code     8  startup_stm32f40_41xxx.o(.text)
    ADC_IRQHandler                           0x080001b7   Thumb Code     0  startup_stm32f40_41xxx.o(.text)
    CAN1_RX0_IRQHandler                      0x080001b7   Thumb Code     0  startup_stm32f40_41xxx.o(.text)
    CAN1_RX1_IRQHandler                      0x080001b7   Thumb Code     0  startup_stm32f40_41xxx.o(.text)
    CAN1_SCE_IRQHandler                      0x080001b7   Thumb Code     0  startup_stm32f40_41xxx.o(.text)
    CAN1_TX_IRQHandler                       0x080001b7   Thumb Code     0  startup_stm32f40_41xxx.o(.text)
    CAN2_RX0_IRQHandler                      0x080001b7   Thumb Code     0  startup_stm32f40_41xxx.o(.text)
    CAN2_RX1_IRQHandler                      0x080001b7   Thumb Code     0  startup_stm32f40_41xxx.o(.text)
    CAN2_SCE_IRQHandler                      0x080001b7   Thumb Code     0  startup_stm32f40_41xxx.o(.text)
    CAN2_TX_IRQHandler                       0x080001b7   Thumb Code     0  startup_stm32f40_41xxx.o(.text)
    CRYP_IRQHandler                          0x080001b7   Thumb Code     0  startup_stm32f40_41xxx.o(.text)
    DCMI_IRQHandler                          0x080001b7   Thumb Code     0  startup_stm32f40_41xxx.o(.text)
    DMA1_Stream0_IRQHandler                  0x080001b7   Thumb Code     0  startup_stm32f40_41xxx.o(.text)
    DMA1_Stream1_IRQHandler                  0x080001b7   Thumb Code     0  startup_stm32f40_41xxx.o(.text)
    DMA1_Stream2_IRQHandler                  0x080001b7   Thumb Code     0  startup_stm32f40_41xxx.o(.text)
    DMA1_Stream3_IRQHandler                  0x080001b7   Thumb Code     0  startup_stm32f40_41xxx.o(.text)
    DMA1_Stream4_IRQHandler                  0x080001b7   Thumb Code     0  startup_stm32f40_41xxx.o(.text)
    DMA1_Stream5_IRQHandler                  0x080001b7   Thumb Code     0  startup_stm32f40_41xxx.o(.text)
    DMA1_Stream6_IRQHandler                  0x080001b7   Thumb Code     0  startup_stm32f40_41xxx.o(.text)
    DMA1_Stream7_IRQHandler                  0x080001b7   Thumb Code     0  startup_stm32f40_41xxx.o(.text)
    DMA2_Stream0_IRQHandler                  0x080001b7   Thumb Code     0  startup_stm32f40_41xxx.o(.text)
    DMA2_Stream1_IRQHandler                  0x080001b7   Thumb Code     0  startup_stm32f40_41xxx.o(.text)
    DMA2_Stream2_IRQHandler                  0x080001b7   Thumb Code     0  startup_stm32f40_41xxx.o(.text)
    DMA2_Stream3_IRQHandler                  0x080001b7   Thumb Code     0  startup_stm32f40_41xxx.o(.text)
    DMA2_Stream4_IRQHandler                  0x080001b7   Thumb Code     0  startup_stm32f40_41xxx.o(.text)
    DMA2_Stream5_IRQHandler                  0x080001b7   Thumb Code     0  startup_stm32f40_41xxx.o(.text)
    DMA2_Stream6_IRQHandler                  0x080001b7   Thumb Code     0  startup_stm32f40_41xxx.o(.text)
    DMA2_Stream7_IRQHandler                  0x080001b7   Thumb Code     0  startup_stm32f40_41xxx.o(.text)
    ETH_IRQHandler                           0x080001b7   Thumb Code     0  startup_stm32f40_41xxx.o(.text)
    ETH_WKUP_IRQHandler                      0x080001b7   Thumb Code     0  startup_stm32f40_41xxx.o(.text)
    EXTI0_IRQHandler                         0x080001b7   Thumb Code     0  startup_stm32f40_41xxx.o(.text)
    EXTI15_10_IRQHandler                     0x080001b7   Thumb Code     0  startup_stm32f40_41xxx.o(.text)
    EXTI1_IRQHandler                         0x080001b7   Thumb Code     0  startup_stm32f40_41xxx.o(.text)
    EXTI2_IRQHandler                         0x080001b7   Thumb Code     0  startup_stm32f40_41xxx.o(.text)
    EXTI3_IRQHandler                         0x080001b7   Thumb Code     0  startup_stm32f40_41xxx.o(.text)
    EXTI4_IRQHandler                         0x080001b7   Thumb Code     0  startup_stm32f40_41xxx.o(.text)
    EXTI9_5_IRQHandler                       0x080001b7   Thumb Code     0  startup_stm32f40_41xxx.o(.text)
    FLASH_IRQHandler                         0x080001b7   Thumb Code     0  startup_stm32f40_41xxx.o(.text)
    FPU_IRQHandler                           0x080001b7   Thumb Code     0  startup_stm32f40_41xxx.o(.text)
    FSMC_IRQHandler                          0x080001b7   Thumb Code     0  startup_stm32f40_41xxx.o(.text)
    HASH_RNG_IRQHandler                      0x080001b7   Thumb Code     0  startup_stm32f40_41xxx.o(.text)
    I2C1_ER_IRQHandler                       0x080001b7   Thumb Code     0  startup_stm32f40_41xxx.o(.text)
    I2C1_EV_IRQHandler                       0x080001b7   Thumb Code     0  startup_stm32f40_41xxx.o(.text)
    I2C2_ER_IRQHandler                       0x080001b7   Thumb Code     0  startup_stm32f40_41xxx.o(.text)
    I2C2_EV_IRQHandler                       0x080001b7   Thumb Code     0  startup_stm32f40_41xxx.o(.text)
    I2C3_ER_IRQHandler                       0x080001b7   Thumb Code     0  startup_stm32f40_41xxx.o(.text)
    I2C3_EV_IRQHandler                       0x080001b7   Thumb Code     0  startup_stm32f40_41xxx.o(.text)
    OTG_FS_IRQHandler                        0x080001b7   Thumb Code     0  startup_stm32f40_41xxx.o(.text)
    OTG_FS_WKUP_IRQHandler                   0x080001b7   Thumb Code     0  startup_stm32f40_41xxx.o(.text)
    OTG_HS_EP1_IN_IRQHandler                 0x080001b7   Thumb Code     0  startup_stm32f40_41xxx.o(.text)
    OTG_HS_EP1_OUT_IRQHandler                0x080001b7   Thumb Code     0  startup_stm32f40_41xxx.o(.text)
    OTG_HS_IRQHandler                        0x080001b7   Thumb Code     0  startup_stm32f40_41xxx.o(.text)
    OTG_HS_WKUP_IRQHandler                   0x080001b7   Thumb Code     0  startup_stm32f40_41xxx.o(.text)
    PVD_IRQHandler                           0x080001b7   Thumb Code     0  startup_stm32f40_41xxx.o(.text)
    RCC_IRQHandler                           0x080001b7   Thumb Code     0  startup_stm32f40_41xxx.o(.text)
    RTC_Alarm_IRQHandler                     0x080001b7   Thumb Code     0  startup_stm32f40_41xxx.o(.text)
    RTC_WKUP_IRQHandler                      0x080001b7   Thumb Code     0  startup_stm32f40_41xxx.o(.text)
    SDIO_IRQHandler                          0x080001b7   Thumb Code     0  startup_stm32f40_41xxx.o(.text)
    SPI1_IRQHandler                          0x080001b7   Thumb Code     0  startup_stm32f40_41xxx.o(.text)
    SPI2_IRQHandler                          0x080001b7   Thumb Code     0  startup_stm32f40_41xxx.o(.text)
    SPI3_IRQHandler                          0x080001b7   Thumb Code     0  startup_stm32f40_41xxx.o(.text)
    TAMP_STAMP_IRQHandler                    0x080001b7   Thumb Code     0  startup_stm32f40_41xxx.o(.text)
    TIM1_BRK_TIM9_IRQHandler                 0x080001b7   Thumb Code     0  startup_stm32f40_41xxx.o(.text)
    TIM1_CC_IRQHandler                       0x080001b7   Thumb Code     0  startup_stm32f40_41xxx.o(.text)
    TIM1_TRG_COM_TIM11_IRQHandler            0x080001b7   Thumb Code     0  startup_stm32f40_41xxx.o(.text)
    TIM1_UP_TIM10_IRQHandler                 0x080001b7   Thumb Code     0  startup_stm32f40_41xxx.o(.text)
    TIM2_IRQHandler                          0x080001b7   Thumb Code     0  startup_stm32f40_41xxx.o(.text)
    TIM6_DAC_IRQHandler                      0x080001b7   Thumb Code     0  startup_stm32f40_41xxx.o(.text)
    TIM7_IRQHandler                          0x080001b7   Thumb Code     0  startup_stm32f40_41xxx.o(.text)
    TIM8_BRK_TIM12_IRQHandler                0x080001b7   Thumb Code     0  startup_stm32f40_41xxx.o(.text)
    TIM8_CC_IRQHandler                       0x080001b7   Thumb Code     0  startup_stm32f40_41xxx.o(.text)
    TIM8_TRG_COM_TIM14_IRQHandler            0x080001b7   Thumb Code     0  startup_stm32f40_41xxx.o(.text)
    TIM8_UP_TIM13_IRQHandler                 0x080001b7   Thumb Code     0  startup_stm32f40_41xxx.o(.text)
    UART4_IRQHandler                         0x080001b7   Thumb Code     0  startup_stm32f40_41xxx.o(.text)
    UART5_IRQHandler                         0x080001b7   Thumb Code     0  startup_stm32f40_41xxx.o(.text)
    WWDG_IRQHandler                          0x080001b7   Thumb Code     0  startup_stm32f40_41xxx.o(.text)
    arm_abs_f32                              0x080001c1   Thumb Code   164  arm_abs_f32.o(.text)
    arm_pid_init_f32                         0x08000265   Thumb Code    56  arm_pid_init_f32.o(.text)
    arm_pid_reset_f32                        0x0800029d   Thumb Code    10  arm_pid_reset_f32.o(.text)
    __aeabi_dadd                             0x080002a7   Thumb Code   322  dadd.o(.text)
    __aeabi_dsub                             0x080003e9   Thumb Code     6  dadd.o(.text)
    __aeabi_drsub                            0x080003ef   Thumb Code     6  dadd.o(.text)
    __aeabi_dmul                             0x080003f5   Thumb Code   228  dmul.o(.text)
    __aeabi_ddiv                             0x080004d9   Thumb Code   222  ddiv.o(.text)
    __aeabi_i2d                              0x080005b7   Thumb Code    34  dflti.o(.text)
    __aeabi_ui2d                             0x080005d9   Thumb Code    26  dfltui.o(.text)
    __aeabi_d2uiz                            0x080005f3   Thumb Code    50  dfixui.o(.text)
    __aeabi_f2d                              0x08000625   Thumb Code    38  f2d.o(.text)
    __aeabi_cdcmpeq                          0x0800064d   Thumb Code     0  cdcmple.o(.text)
    __aeabi_cdcmple                          0x0800064d   Thumb Code    48  cdcmple.o(.text)
    __aeabi_d2f                              0x0800067d   Thumb Code    56  d2f.o(.text)
    __aeabi_uidiv                            0x080006b5   Thumb Code     0  uidiv.o(.text)
    __aeabi_uidivmod                         0x080006b5   Thumb Code    44  uidiv.o(.text)
    __aeabi_uldivmod                         0x080006e1   Thumb Code    98  uldiv.o(.text)
    __aeabi_llsl                             0x08000743   Thumb Code    30  llshl.o(.text)
    _ll_shift_l                              0x08000743   Thumb Code     0  llshl.o(.text)
    __aeabi_llsr                             0x08000761   Thumb Code    32  llushr.o(.text)
    _ll_ushift_r                             0x08000761   Thumb Code     0  llushr.o(.text)
    __aeabi_lasr                             0x08000781   Thumb Code    36  llsshr.o(.text)
    _ll_sshift_r                             0x08000781   Thumb Code     0  llsshr.o(.text)
    __I$use$fp                               0x080007a5   Thumb Code     0  iusefp.o(.text)
    _float_round                             0x080007a5   Thumb Code    18  fepilogue.o(.text)
    _float_epilogue                          0x080007b7   Thumb Code    92  fepilogue.o(.text)
    _double_round                            0x08000813   Thumb Code    30  depilogue.o(.text)
    _double_epilogue                         0x08000831   Thumb Code   156  depilogue.o(.text)
    __aeabi_d2ulz                            0x080008cd   Thumb Code    48  dfixul.o(.text)
    __aeabi_cdrcmple                         0x080008fd   Thumb Code    48  cdrcmple.o(.text)
    __scatterload                            0x0800092d   Thumb Code    28  init.o(.text)
    __scatterload_rt2                        0x0800092d   Thumb Code     0  init.o(.text)
    __decompress                             0x08000951   Thumb Code     0  __dczerorl2.o(.text)
    __decompress1                            0x08000951   Thumb Code    86  __dczerorl2.o(.text)
    ADC_Cmd                                  0x080009a7   Thumb Code    22  stm32f4xx_adc.o(i.ADC_Cmd)
    ADC_CommonInit                           0x080009bd   Thumb Code    34  stm32f4xx_adc.o(i.ADC_CommonInit)
    ADC_DMACmd                               0x080009ed   Thumb Code    22  stm32f4xx_adc.o(i.ADC_DMACmd)
    ADC_DMARequestAfterLastTransferCmd       0x08000a03   Thumb Code    22  stm32f4xx_adc.o(i.ADC_DMARequestAfterLastTransferCmd)
    ADC_Init                                 0x08000a19   Thumb Code    74  stm32f4xx_adc.o(i.ADC_Init)
    ADC_RegularChannelConfig                 0x08000a6d   Thumb Code   184  stm32f4xx_adc.o(i.ADC_RegularChannelConfig)
    ADC_SoftwareStartConv                    0x08000b25   Thumb Code    10  stm32f4xx_adc.o(i.ADC_SoftwareStartConv)
    BlockWrite                               0x08000b2f   Thumb Code    90  bsp_lcd.o(i.BlockWrite)
    BusFault_Handler                         0x08000b89   Thumb Code     4  stm32f4xx_it.o(i.BusFault_Handler)
    ComToUart                                0x08000b8d   Thumb Code    52  bsp_uart_fifo.o(i.ComToUart)
    DMA_Cmd                                  0x08000c33   Thumb Code    22  stm32f4xx_dma.o(i.DMA_Cmd)
    DMA_Init                                 0x08000c49   Thumb Code    82  stm32f4xx_dma.o(i.DMA_Init)
    DebugMon_Handler                         0x08000ca1   Thumb Code     2  stm32f4xx_it.o(i.DebugMon_Handler)
    Delay                                    0x08000ca3   Thumb Code    12  bsp_lcd.o(i.Delay)
    DrawLine                                 0x08000caf   Thumb Code   172  bsp_lcd.o(i.DrawLine)
    DrawPoint                                0x08000d5b   Thumb Code    82  bsp_lcd.o(i.DrawPoint)
    DrawRectangle                            0x08000dad   Thumb Code    74  bsp_lcd.o(i.DrawRectangle)
    FSMC_NORSRAMCmd                          0x08000df9   Thumb Code    46  stm32f4xx_fsmc.o(i.FSMC_NORSRAMCmd)
    FSMC_NORSRAMInit                         0x08000e2d   Thumb Code   290  stm32f4xx_fsmc.o(i.FSMC_NORSRAMInit)
    GPIO_Init                                0x08000f55   Thumb Code   144  stm32f4xx_gpio.o(i.GPIO_Init)
    GPIO_PinAFConfig                         0x08000fe5   Thumb Code    70  stm32f4xx_gpio.o(i.GPIO_PinAFConfig)
    GPIO_SetBits                             0x0800102b   Thumb Code     4  stm32f4xx_gpio.o(i.GPIO_SetBits)
    HardFault_Handler                        0x08001031   Thumb Code    38  stm32f4xx_it.o(i.HardFault_Handler)
    LCD_GPIO_Config                          0x080013c9   Thumb Code   320  bsp_lcd.o(i.LCD_GPIO_Config)
    Lcd_ColorBox                             0x08001511   Thumb Code    60  bsp_lcd.o(i.Lcd_ColorBox)
    Lcd_Init                                 0x08001551   Thumb Code  1006  bsp_lcd.o(i.Lcd_Init)
    MODBUS_ReciveNew                         0x08001951   Thumb Code    60  bsp_modbus.o(i.MODBUS_ReciveNew)
    MemManage_Handler                        0x080019a5   Thumb Code     4  stm32f4xx_it.o(i.MemManage_Handler)
    NMI_Handler                              0x080019a9   Thumb Code     2  stm32f4xx_it.o(i.NMI_Handler)
    NVIC_Init                                0x080019ad   Thumb Code   106  misc.o(i.NVIC_Init)
    NVIC_PriorityGroupConfig                 0x08001a25   Thumb Code    10  misc.o(i.NVIC_PriorityGroupConfig)
    PendSV_Handler                           0x08001a39   Thumb Code     2  stm32f4xx_it.o(i.PendSV_Handler)
    RCC_AHB1PeriphClockCmd                   0x08001bed   Thumb Code    26  stm32f4xx_rcc.o(i.RCC_AHB1PeriphClockCmd)
    RCC_AHB3PeriphClockCmd                   0x08001c0d   Thumb Code    26  stm32f4xx_rcc.o(i.RCC_AHB3PeriphClockCmd)
    RCC_APB1PeriphClockCmd                   0x08001c2d   Thumb Code    26  stm32f4xx_rcc.o(i.RCC_APB1PeriphClockCmd)
    RCC_APB2PeriphClockCmd                   0x08001c4d   Thumb Code    26  stm32f4xx_rcc.o(i.RCC_APB2PeriphClockCmd)
    RCC_GetClocksFreq                        0x08001c6d   Thumb Code   214  stm32f4xx_rcc.o(i.RCC_GetClocksFreq)
    RS485_InitTXE                            0x08001d55   Thumb Code    46  bsp_uart_fifo.o(i.RS485_InitTXE)
    RS485_ReciveNew                          0x08001d89   Thumb Code    12  bsp_uart_fifo.o(i.RS485_ReciveNew)
    RS485_SendBefor                          0x08001d95   Thumb Code     8  bsp_uart_fifo.o(i.RS485_SendBefor)
    RS485_SendOver                           0x08001da1   Thumb Code     8  bsp_uart_fifo.o(i.RS485_SendOver)
    Read_ID                                  0x08001dad   Thumb Code    46  bsp_lcd.o(i.Read_ID)
    Reduction_Factor_Modify                  0x08001de1   Thumb Code    96  bsp_adc.o(i.Reduction_Factor_Modify)
    SVC_Handler                              0x08001e75   Thumb Code     2  stm32f4xx_it.o(i.SVC_Handler)
    ShowChar                                 0x08001f65   Thumb Code   268  bsp_lcd.o(i.ShowChar)
    ShowString                               0x08002081   Thumb Code   102  bsp_lcd.o(i.ShowString)
    SysTick_Handler                          0x080020e7   Thumb Code     8  bsp_timer.o(i.SysTick_Handler)
    SysTick_ISR                              0x080020f1   Thumb Code   110  bsp_timer.o(i.SysTick_ISR)
    SystemInit                               0x08002175   Thumb Code    88  system_stm32f4xx.o(i.SystemInit)
    TIM3_IRQHandler                          0x080021dd   Thumb Code   242  bsp_pwminput.o(i.TIM3_IRQHandler)
    TIM4_IRQHandler                          0x08002309   Thumb Code    46  usmart.o(i.TIM4_IRQHandler)
    TIM5_IRQHandler                          0x08002341   Thumb Code   140  bsp_timer.o(i.TIM5_IRQHandler)
    TIM_BDTRConfig                           0x080023e1   Thumb Code    32  stm32f4xx_tim.o(i.TIM_BDTRConfig)
    TIM_CCPreloadControl                     0x08002401   Thumb Code    24  stm32f4xx_tim.o(i.TIM_CCPreloadControl)
    TIM_CCxCmd                               0x08002419   Thumb Code    30  stm32f4xx_tim.o(i.TIM_CCxCmd)
    TIM_ClearFlag                            0x08002437   Thumb Code     6  stm32f4xx_tim.o(i.TIM_ClearFlag)
    TIM_ClearITPendingBit                    0x0800243d   Thumb Code     6  stm32f4xx_tim.o(i.TIM_ClearITPendingBit)
    TIM_Cmd                                  0x08002443   Thumb Code    24  stm32f4xx_tim.o(i.TIM_Cmd)
    TIM_CtrlPWMOutputs                       0x0800245b   Thumb Code    30  stm32f4xx_tim.o(i.TIM_CtrlPWMOutputs)
    TIM_GetCapture1                          0x08002479   Thumb Code     6  stm32f4xx_tim.o(i.TIM_GetCapture1)
    TIM_GetCapture2                          0x0800247f   Thumb Code     6  stm32f4xx_tim.o(i.TIM_GetCapture2)
    TIM_GetCounter                           0x08002485   Thumb Code     6  stm32f4xx_tim.o(i.TIM_GetCounter)
    TIM_GetFlagStatus                        0x0800248b   Thumb Code    18  stm32f4xx_tim.o(i.TIM_GetFlagStatus)
    TIM_GetITStatus                          0x0800249d   Thumb Code    34  stm32f4xx_tim.o(i.TIM_GetITStatus)
    TIM_ITConfig                             0x080024bf   Thumb Code    18  stm32f4xx_tim.o(i.TIM_ITConfig)
    TIM_OC1Init                              0x080024d1   Thumb Code   114  stm32f4xx_tim.o(i.TIM_OC1Init)
    TIM_OC1PreloadConfig                     0x0800254d   Thumb Code    18  stm32f4xx_tim.o(i.TIM_OC1PreloadConfig)
    TIM_OC2Init                              0x08002561   Thumb Code   154  stm32f4xx_tim.o(i.TIM_OC2Init)
    TIM_OC2PreloadConfig                     0x08002605   Thumb Code    26  stm32f4xx_tim.o(i.TIM_OC2PreloadConfig)
    TIM_SetAutoreload                        0x0800261f   Thumb Code     4  stm32f4xx_tim.o(i.TIM_SetAutoreload)
    TIM_SetCompare1                          0x08002623   Thumb Code     4  stm32f4xx_tim.o(i.TIM_SetCompare1)
    TIM_SetCompare2                          0x08002627   Thumb Code     4  stm32f4xx_tim.o(i.TIM_SetCompare2)
    TIM_SetCompare3                          0x0800262b   Thumb Code     4  stm32f4xx_tim.o(i.TIM_SetCompare3)
    TIM_SetCompare4                          0x0800262f   Thumb Code     4  stm32f4xx_tim.o(i.TIM_SetCompare4)
    TIM_SetCounter                           0x08002633   Thumb Code     4  stm32f4xx_tim.o(i.TIM_SetCounter)
    TIM_TimeBaseInit                         0x08002639   Thumb Code   104  stm32f4xx_tim.o(i.TIM_TimeBaseInit)
    Timer4_Init                              0x080026bd   Thumb Code    86  usmart.o(i.Timer4_Init)
    USART1_IRQHandler                        0x08002719   Thumb Code    10  bsp_uart_fifo.o(i.USART1_IRQHandler)
    USART2_IRQHandler                        0x08002729   Thumb Code    10  bsp_uart_fifo.o(i.USART2_IRQHandler)
    USART3_IRQHandler                        0x08002739   Thumb Code    10  bsp_uart_fifo.o(i.USART3_IRQHandler)
    USART6_IRQHandler                        0x08002749   Thumb Code    10  bsp_uart_fifo.o(i.USART6_IRQHandler)
    USART_ClearFlag                          0x08002759   Thumb Code    18  stm32f4xx_usart.o(i.USART_ClearFlag)
    USART_Cmd                                0x0800276b   Thumb Code    24  stm32f4xx_usart.o(i.USART_Cmd)
    USART_GetITStatus                        0x08002783   Thumb Code    84  stm32f4xx_usart.o(i.USART_GetITStatus)
    USART_ITConfig                           0x080027d7   Thumb Code    74  stm32f4xx_usart.o(i.USART_ITConfig)
    USART_Init                               0x08002821   Thumb Code   204  stm32f4xx_usart.o(i.USART_Init)
    USART_ReceiveData                        0x080028f5   Thumb Code    10  stm32f4xx_usart.o(i.USART_ReceiveData)
    USART_SendData                           0x080028ff   Thumb Code     8  stm32f4xx_usart.o(i.USART_SendData)
    UsageFault_Handler                       0x08002bcd   Thumb Code     4  stm32f4xx_it.o(i.UsageFault_Handler)
    __0printf                                0x08002be5   Thumb Code    22  printfa.o(i.__0printf)
    __1printf                                0x08002be5   Thumb Code     0  printfa.o(i.__0printf)
    __2printf                                0x08002be5   Thumb Code     0  printfa.o(i.__0printf)
    __c89printf                              0x08002be5   Thumb Code     0  printfa.o(i.__0printf)
    printf                                   0x08002be5   Thumb Code     0  printfa.o(i.__0printf)
    __0sprintf                               0x08002c05   Thumb Code    34  printfa.o(i.__0sprintf)
    __1sprintf                               0x08002c05   Thumb Code     0  printfa.o(i.__0sprintf)
    __2sprintf                               0x08002c05   Thumb Code     0  printfa.o(i.__0sprintf)
    __c89sprintf                             0x08002c05   Thumb Code     0  printfa.o(i.__0sprintf)
    sprintf                                  0x08002c05   Thumb Code     0  printfa.o(i.__0sprintf)
    __scatterload_copy                       0x08002c2d   Thumb Code    14  handlers.o(i.__scatterload_copy)
    __scatterload_null                       0x08002c3b   Thumb Code     2  handlers.o(i.__scatterload_null)
    __scatterload_zeroinit                   0x08002c3d   Thumb Code    14  handlers.o(i.__scatterload_zeroinit)
    bsp_CheckTimer                           0x08003515   Thumb Code    48  bsp_timer.o(i.bsp_CheckTimer)
    bsp_DelayMS                              0x08003549   Thumb Code    58  bsp_timer.o(i.bsp_DelayMS)
    bsp_DelayUS                              0x0800358d   Thumb Code    76  bsp_timer.o(i.bsp_DelayUS)
    bsp_Idle                                 0x080035e1   Thumb Code     2  bsp.o(i.bsp_Idle)
    bsp_Init                                 0x080035e5   Thumb Code    42  bsp.o(i.bsp_Init)
    bsp_InitADC                              0x08003615   Thumb Code   232  bsp_adc.o(i.bsp_InitADC)
    bsp_InitHardTimer                        0x08003711   Thumb Code    92  bsp_timer.o(i.bsp_InitHardTimer)
    bsp_InitLed                              0x08003779   Thumb Code    86  bsp_led.o(i.bsp_InitLed)
    bsp_InitTimer                            0x080037d5   Thumb Code   140  bsp_timer.o(i.bsp_InitTimer)
    bsp_InitUart                             0x08003871   Thumb Code    20  bsp_uart_fifo.o(i.bsp_InitUart)
    bsp_LedOff                               0x08003885   Thumb Code    30  bsp_led.o(i.bsp_LedOff)
    bsp_LedToggle                            0x080038a9   Thumb Code    36  bsp_led.o(i.bsp_LedToggle)
    bsp_RunPer10ms                           0x080038d1   Thumb Code     2  bsp.o(i.bsp_RunPer10ms)
    bsp_RunPer1ms                            0x080038d3   Thumb Code     2  bsp.o(i.bsp_RunPer1ms)
    bsp_StartAutoTimer                       0x080038f1   Thumb Code    84  bsp_timer.o(i.bsp_StartAutoTimer)
    bsp_StartHardTimer                       0x08003999   Thumb Code   180  bsp_timer.o(i.bsp_StartHardTimer)
    bsp_phase_shift_init                     0x08003a61   Thumb Code   534  bsp_phase_shift.o(i.bsp_phase_shift_init)
    bsp_set_phase_shift_duty_cycle           0x08003ca5   Thumb Code   120  bsp_phase_shift.o(i.bsp_set_phase_shift_duty_cycle)
    comSendBuf                               0x08003d31   Thumb Code    46  bsp_uart_fifo.o(i.comSendBuf)
    comSendChar                              0x08003d5f   Thumb Code    16  bsp_uart_fifo.o(i.comSendChar)
    fputc                                    0x08003d6f   Thumb Code    18  bsp_uart_fifo.o(i.fputc)
    main                                     0x08003d81   Thumb Code   522  main.o(i.main)
    read_addr                                0x08004011   Thumb Code     6  usmart.o(i.read_addr)
    set_mode                                 0x08004017   Thumb Code    34  bsp_lcd.o(i.set_mode)
    usmart_cmd_rec                           0x08004039   Thumb Code   170  usmart.o(i.usmart_cmd_rec)
    usmart_exe                               0x080040e9   Thumb Code   632  usmart.o(i.usmart_exe)
    usmart_get_aparm                         0x080043bd   Thumb Code   200  usmart_str.o(i.usmart_get_aparm)
    usmart_get_cmdname                       0x08004485   Thumb Code    54  usmart_str.o(i.usmart_get_cmdname)
    usmart_get_fname                         0x080044bd   Thumb Code   440  usmart_str.o(i.usmart_get_fname)
    usmart_get_fparam                        0x0800467d   Thumb Code   262  usmart_str.o(i.usmart_get_fparam)
    usmart_get_parmpos                       0x08004789   Thumb Code    26  usmart_str.o(i.usmart_get_parmpos)
    usmart_get_runtime                       0x080047a9   Thumb Code    60  usmart.o(i.usmart_get_runtime)
    usmart_init                              0x080047ed   Thumb Code    36  usmart.o(i.usmart_init)
    usmart_pow                               0x08004815   Thumb Code    22  usmart_str.o(i.usmart_pow)
    usmart_reset_runtime                     0x0800482d   Thumb Code    38  usmart.o(i.usmart_reset_runtime)
    usmart_scan                              0x0800485d   Thumb Code   120  usmart.o(i.usmart_scan)
    usmart_search_nextc                      0x08004919   Thumb Code    22  usmart_str.o(i.usmart_search_nextc)
    usmart_str2num                           0x0800492f   Thumb Code   202  usmart_str.o(i.usmart_str2num)
    usmart_strcmp                            0x080049f9   Thumb Code    34  usmart_str.o(i.usmart_strcmp)
    usmart_strcopy                           0x08004a1b   Thumb Code    22  usmart_str.o(i.usmart_strcopy)
    usmart_strlen                            0x08004a31   Thumb Code    24  usmart_str.o(i.usmart_strlen)
    usmart_sys_cmd_exe                       0x08004a49   Thumb Code  1554  usmart.o(i.usmart_sys_cmd_exe)
    write_addr                               0x0800512d   Thumb Code     4  usmart.o(i.write_addr)
    asc2_1206                                0x08005160   Data        1140  bsp_lcd.o(.constdata)
    asc2_1608                                0x080055d4   Data        1520  bsp_lcd.o(.constdata)
    asc2_2412                                0x08005bc4   Data        3420  bsp_lcd.o(.constdata)
    Region$$Table$$Base                      0x08006bc0   Number         0  anon$$obj.o(Region$$Table)
    Region$$Table$$Limit                     0x08006be0   Number         0  anon$$obj.o(Region$$Table)
    g_iRunTime                               0x20000008   Data           4  bsp_timer.o(.data)
    USART_RX_STA                             0x2000001e   Data           2  bsp_uart_fifo.o(.data)
    reduction_factor                         0x20000024   Data           4  bsp_adc.o(.data)
    ADC3ConvertedVoltage                     0x20000028   Data           4  bsp_adc.o(.data)
    SystemCoreClock                          0x2000003c   Data           4  system_stm32f4xx.o(.data)
    AHBPrescTable                            0x20000040   Data          16  system_stm32f4xx.o(.data)
    sys_cmd_tab                              0x20000050   Data          28  usmart.o(.data)
    usmart_nametab                           0x2000006c   Data          96  usmart_config.o(.data)
    usmart_dev                               0x200000cc   Data         244  usmart_config.o(.data)
    __stdout                                 0x200001c0   Data           4  stdout.o(.data)
    USART_RX_BUF                             0x200001f4   Data         200  bsp_uart_fifo.o(.bss)
    lcd_dev                                  0x2000235c   Data          12  bsp_lcd.o(.bss)
    g_tModbus                                0x20002368   Data         400  bsp_modbus.o(.bss)
    ADC3ConvertedValue                       0x200024f8   Data          40  bsp_adc.o(.bss)
    __initial_sp                             0x20002920   Data           0  startup_stm32f40_41xxx.o(STACK)



==============================================================================

Memory Map of the image

  Image Entry point : 0x08000189

  Load Region LR_IROM1 (Base: 0x08000000, Size: 0x00006da4, Max: 0x00200000, ABSOLUTE, COMPRESSED[0x00006c78])

    Execution Region ER_IROM1 (Exec base: 0x08000000, Load base: 0x08000000, Size: 0x00006be0, Max: 0x00200000, ABSOLUTE)

    Exec Addr    Load Addr    Size         Type   Attr      Idx    E Section Name        Object

    0x08000000   0x08000000   0x00000188   Data   RO         1328    RESET               startup_stm32f40_41xxx.o
    0x08000188   0x08000188   0x00000000   Code   RO         3487  * .ARM.Collect$$$$00000000  mc_w.l(entry.o)
    0x08000188   0x08000188   0x00000004   Code   RO         3777    .ARM.Collect$$$$00000001  mc_w.l(entry2.o)
    0x0800018c   0x0800018c   0x00000004   Code   RO         3780    .ARM.Collect$$$$00000004  mc_w.l(entry5.o)
    0x08000190   0x08000190   0x00000000   Code   RO         3782    .ARM.Collect$$$$00000008  mc_w.l(entry7b.o)
    0x08000190   0x08000190   0x00000000   Code   RO         3784    .ARM.Collect$$$$0000000A  mc_w.l(entry8b.o)
    0x08000190   0x08000190   0x00000008   Code   RO         3785    .ARM.Collect$$$$0000000B  mc_w.l(entry9a.o)
    0x08000198   0x08000198   0x00000000   Code   RO         3787    .ARM.Collect$$$$0000000D  mc_w.l(entry10a.o)
    0x08000198   0x08000198   0x00000000   Code   RO         3789    .ARM.Collect$$$$0000000F  mc_w.l(entry11a.o)
    0x08000198   0x08000198   0x00000004   Code   RO         3778    .ARM.Collect$$$$00002712  mc_w.l(entry2.o)
    0x0800019c   0x0800019c   0x00000024   Code   RO         1329    .text               startup_stm32f40_41xxx.o
    0x080001c0   0x080001c0   0x000000a4   Code   RO         3393    .text               arm_cortexM4lf_math.lib(arm_abs_f32.o)
    0x08000264   0x08000264   0x00000038   Code   RO         3442    .text               arm_cortexM4lf_math.lib(arm_pid_init_f32.o)
    0x0800029c   0x0800029c   0x0000000a   Code   RO         3466    .text               arm_cortexM4lf_math.lib(arm_pid_reset_f32.o)
    0x080002a6   0x080002a6   0x0000014e   Code   RO         3759    .text               mf_w.l(dadd.o)
    0x080003f4   0x080003f4   0x000000e4   Code   RO         3761    .text               mf_w.l(dmul.o)
    0x080004d8   0x080004d8   0x000000de   Code   RO         3763    .text               mf_w.l(ddiv.o)
    0x080005b6   0x080005b6   0x00000022   Code   RO         3765    .text               mf_w.l(dflti.o)
    0x080005d8   0x080005d8   0x0000001a   Code   RO         3767    .text               mf_w.l(dfltui.o)
    0x080005f2   0x080005f2   0x00000032   Code   RO         3769    .text               mf_w.l(dfixui.o)
    0x08000624   0x08000624   0x00000026   Code   RO         3771    .text               mf_w.l(f2d.o)
    0x0800064a   0x0800064a   0x00000002   PAD
    0x0800064c   0x0800064c   0x00000030   Code   RO         3773    .text               mf_w.l(cdcmple.o)
    0x0800067c   0x0800067c   0x00000038   Code   RO         3775    .text               mf_w.l(d2f.o)
    0x080006b4   0x080006b4   0x0000002c   Code   RO         3792    .text               mc_w.l(uidiv.o)
    0x080006e0   0x080006e0   0x00000062   Code   RO         3794    .text               mc_w.l(uldiv.o)
    0x08000742   0x08000742   0x0000001e   Code   RO         3796    .text               mc_w.l(llshl.o)
    0x08000760   0x08000760   0x00000020   Code   RO         3798    .text               mc_w.l(llushr.o)
    0x08000780   0x08000780   0x00000024   Code   RO         3800    .text               mc_w.l(llsshr.o)
    0x080007a4   0x080007a4   0x00000000   Code   RO         3802    .text               mc_w.l(iusefp.o)
    0x080007a4   0x080007a4   0x0000006e   Code   RO         3803    .text               mf_w.l(fepilogue.o)
    0x08000812   0x08000812   0x000000ba   Code   RO         3805    .text               mf_w.l(depilogue.o)
    0x080008cc   0x080008cc   0x00000030   Code   RO         3807    .text               mf_w.l(dfixul.o)
    0x080008fc   0x080008fc   0x00000030   Code   RO         3809    .text               mf_w.l(cdrcmple.o)
    0x0800092c   0x0800092c   0x00000024   Code   RO         3811    .text               mc_w.l(init.o)
    0x08000950   0x08000950   0x00000056   Code   RO         3821    .text               mc_w.l(__dczerorl2.o)
    0x080009a6   0x080009a6   0x00000016   Code   RO         2783    i.ADC_Cmd           stm32f4xx_adc.o
    0x080009bc   0x080009bc   0x00000030   Code   RO         2784    i.ADC_CommonInit    stm32f4xx_adc.o
    0x080009ec   0x080009ec   0x00000016   Code   RO         2787    i.ADC_DMACmd        stm32f4xx_adc.o
    0x08000a02   0x08000a02   0x00000016   Code   RO         2788    i.ADC_DMARequestAfterLastTransferCmd  stm32f4xx_adc.o
    0x08000a18   0x08000a18   0x00000054   Code   RO         2803    i.ADC_Init          stm32f4xx_adc.o
    0x08000a6c   0x08000a6c   0x000000b8   Code   RO         2808    i.ADC_RegularChannelConfig  stm32f4xx_adc.o
    0x08000b24   0x08000b24   0x0000000a   Code   RO         2810    i.ADC_SoftwareStartConv  stm32f4xx_adc.o
    0x08000b2e   0x08000b2e   0x0000005a   Code   RO          893    i.BlockWrite        bsp_lcd.o
    0x08000b88   0x08000b88   0x00000004   Code   RO          683    i.BusFault_Handler  stm32f4xx_it.o
    0x08000b8c   0x08000b8c   0x00000044   Code   RO          503    i.ComToUart         bsp_uart_fifo.o
    0x08000bd0   0x08000bd0   0x00000062   Code   RO          504    i.ConfigUartNVIC    bsp_uart_fifo.o
    0x08000c32   0x08000c32   0x00000016   Code   RO         3025    i.DMA_Cmd           stm32f4xx_dma.o
    0x08000c48   0x08000c48   0x00000058   Code   RO         3037    i.DMA_Init          stm32f4xx_dma.o
    0x08000ca0   0x08000ca0   0x00000002   Code   RO          684    i.DebugMon_Handler  stm32f4xx_it.o
    0x08000ca2   0x08000ca2   0x0000000c   Code   RO          894    i.Delay             bsp_lcd.o
    0x08000cae   0x08000cae   0x000000ac   Code   RO          895    i.DrawLine          bsp_lcd.o
    0x08000d5a   0x08000d5a   0x00000052   Code   RO          896    i.DrawPoint         bsp_lcd.o
    0x08000dac   0x08000dac   0x0000004a   Code   RO          898    i.DrawRectangle     bsp_lcd.o
    0x08000df6   0x08000df6   0x00000002   PAD
    0x08000df8   0x08000df8   0x00000034   Code   RO         2653    i.FSMC_NORSRAMCmd   stm32f4xx_fsmc.o
    0x08000e2c   0x08000e2c   0x00000128   Code   RO         2655    i.FSMC_NORSRAMInit  stm32f4xx_fsmc.o
    0x08000f54   0x08000f54   0x00000090   Code   RO         2349    i.GPIO_Init         stm32f4xx_gpio.o
    0x08000fe4   0x08000fe4   0x00000046   Code   RO         2350    i.GPIO_PinAFConfig  stm32f4xx_gpio.o
    0x0800102a   0x0800102a   0x00000004   Code   RO         2357    i.GPIO_SetBits      stm32f4xx_gpio.o
    0x0800102e   0x0800102e   0x00000002   PAD
    0x08001030   0x08001030   0x00000058   Code   RO          685    i.HardFault_Handler  stm32f4xx_it.o
    0x08001088   0x08001088   0x000002e8   Code   RO          505    i.InitHardUart      bsp_uart_fifo.o
    0x08001370   0x08001370   0x00000056   Code   RO          900    i.LCD_FSMC_Config   bsp_lcd.o
    0x080013c6   0x080013c6   0x00000002   PAD
    0x080013c8   0x080013c8   0x00000148   Code   RO          902    i.LCD_GPIO_Config   bsp_lcd.o
    0x08001510   0x08001510   0x00000040   Code   RO          905    i.Lcd_ColorBox      bsp_lcd.o
    0x08001550   0x08001550   0x00000400   Code   RO          906    i.Lcd_Init          bsp_lcd.o
    0x08001950   0x08001950   0x00000048   Code   RO         1084    i.MODBUS_ReciveNew  bsp_modbus.o
    0x08001998   0x08001998   0x0000000c   Code   RO         1085    i.MODBUS_RxTimeOut  bsp_modbus.o
    0x080019a4   0x080019a4   0x00000004   Code   RO          686    i.MemManage_Handler  stm32f4xx_it.o
    0x080019a8   0x080019a8   0x00000002   Code   RO          687    i.NMI_Handler       stm32f4xx_it.o
    0x080019aa   0x080019aa   0x00000002   PAD
    0x080019ac   0x080019ac   0x00000078   Code   RO         2300    i.NVIC_Init         misc.o
    0x08001a24   0x08001a24   0x00000014   Code   RO         2301    i.NVIC_PriorityGroupConfig  misc.o
    0x08001a38   0x08001a38   0x00000002   Code   RO          688    i.PendSV_Handler    stm32f4xx_it.o
    0x08001a3a   0x08001a3a   0x00000002   PAD
    0x08001a3c   0x08001a3c   0x000001b0   Code   RO            4    i.PrintfLogo        main.o
    0x08001bec   0x08001bec   0x00000020   Code   RO         1902    i.RCC_AHB1PeriphClockCmd  stm32f4xx_rcc.o
    0x08001c0c   0x08001c0c   0x00000020   Code   RO         1908    i.RCC_AHB3PeriphClockCmd  stm32f4xx_rcc.o
    0x08001c2c   0x08001c2c   0x00000020   Code   RO         1911    i.RCC_APB1PeriphClockCmd  stm32f4xx_rcc.o
    0x08001c4c   0x08001c4c   0x00000020   Code   RO         1914    i.RCC_APB2PeriphClockCmd  stm32f4xx_rcc.o
    0x08001c6c   0x08001c6c   0x000000e8   Code   RO         1923    i.RCC_GetClocksFreq  stm32f4xx_rcc.o
    0x08001d54   0x08001d54   0x00000034   Code   RO          506    i.RS485_InitTXE     bsp_uart_fifo.o
    0x08001d88   0x08001d88   0x0000000c   Code   RO          507    i.RS485_ReciveNew   bsp_uart_fifo.o
    0x08001d94   0x08001d94   0x0000000c   Code   RO          508    i.RS485_SendBefor   bsp_uart_fifo.o
    0x08001da0   0x08001da0   0x0000000c   Code   RO          510    i.RS485_SendOver    bsp_uart_fifo.o
    0x08001dac   0x08001dac   0x00000034   Code   RO          909    i.Read_ID           bsp_lcd.o
    0x08001de0   0x08001de0   0x00000094   Code   RO         1295    i.Reduction_Factor_Modify  bsp_adc.o
    0x08001e74   0x08001e74   0x00000002   Code   RO          689    i.SVC_Handler       stm32f4xx_it.o
    0x08001e76   0x08001e76   0x00000002   PAD
    0x08001e78   0x08001e78   0x000000ec   Code   RO         3155    i.SetSysClock       system_stm32f4xx.o
    0x08001f64   0x08001f64   0x0000011c   Code   RO          911    i.ShowChar          bsp_lcd.o
    0x08002080   0x08002080   0x00000066   Code   RO          913    i.ShowString        bsp_lcd.o
    0x080020e6   0x080020e6   0x00000008   Code   RO          385    i.SysTick_Handler   bsp_timer.o
    0x080020ee   0x080020ee   0x00000002   PAD
    0x080020f0   0x080020f0   0x00000084   Code   RO          386    i.SysTick_ISR       bsp_timer.o
    0x08002174   0x08002174   0x00000068   Code   RO         3157    i.SystemInit        system_stm32f4xx.o
    0x080021dc   0x080021dc   0x0000012c   Code   RO         1265    i.TIM3_IRQHandler   bsp_pwminput.o
    0x08002308   0x08002308   0x00000038   Code   RO         3196    i.TIM4_IRQHandler   usmart.o
    0x08002340   0x08002340   0x000000a0   Code   RO          387    i.TIM5_IRQHandler   bsp_timer.o
    0x080023e0   0x080023e0   0x00000020   Code   RO         1341    i.TIM_BDTRConfig    stm32f4xx_tim.o
    0x08002400   0x08002400   0x00000018   Code   RO         1343    i.TIM_CCPreloadControl  stm32f4xx_tim.o
    0x08002418   0x08002418   0x0000001e   Code   RO         1344    i.TIM_CCxCmd        stm32f4xx_tim.o
    0x08002436   0x08002436   0x00000006   Code   RO         1346    i.TIM_ClearFlag     stm32f4xx_tim.o
    0x0800243c   0x0800243c   0x00000006   Code   RO         1347    i.TIM_ClearITPendingBit  stm32f4xx_tim.o
    0x08002442   0x08002442   0x00000018   Code   RO         1352    i.TIM_Cmd           stm32f4xx_tim.o
    0x0800245a   0x0800245a   0x0000001e   Code   RO         1354    i.TIM_CtrlPWMOutputs  stm32f4xx_tim.o
    0x08002478   0x08002478   0x00000006   Code   RO         1367    i.TIM_GetCapture1   stm32f4xx_tim.o
    0x0800247e   0x0800247e   0x00000006   Code   RO         1368    i.TIM_GetCapture2   stm32f4xx_tim.o
    0x08002484   0x08002484   0x00000006   Code   RO         1371    i.TIM_GetCounter    stm32f4xx_tim.o
    0x0800248a   0x0800248a   0x00000012   Code   RO         1372    i.TIM_GetFlagStatus  stm32f4xx_tim.o
    0x0800249c   0x0800249c   0x00000022   Code   RO         1373    i.TIM_GetITStatus   stm32f4xx_tim.o
    0x080024be   0x080024be   0x00000012   Code   RO         1377    i.TIM_ITConfig      stm32f4xx_tim.o
    0x080024d0   0x080024d0   0x0000007c   Code   RO         1381    i.TIM_OC1Init       stm32f4xx_tim.o
    0x0800254c   0x0800254c   0x00000012   Code   RO         1384    i.TIM_OC1PreloadConfig  stm32f4xx_tim.o
    0x0800255e   0x0800255e   0x00000002   PAD
    0x08002560   0x08002560   0x000000a4   Code   RO         1386    i.TIM_OC2Init       stm32f4xx_tim.o
    0x08002604   0x08002604   0x0000001a   Code   RO         1389    i.TIM_OC2PreloadConfig  stm32f4xx_tim.o
    0x0800261e   0x0800261e   0x00000004   Code   RO         1412    i.TIM_SetAutoreload  stm32f4xx_tim.o
    0x08002622   0x08002622   0x00000004   Code   RO         1414    i.TIM_SetCompare1   stm32f4xx_tim.o
    0x08002626   0x08002626   0x00000004   Code   RO         1415    i.TIM_SetCompare2   stm32f4xx_tim.o
    0x0800262a   0x0800262a   0x00000004   Code   RO         1416    i.TIM_SetCompare3   stm32f4xx_tim.o
    0x0800262e   0x0800262e   0x00000004   Code   RO         1417    i.TIM_SetCompare4   stm32f4xx_tim.o
    0x08002632   0x08002632   0x00000004   Code   RO         1418    i.TIM_SetCounter    stm32f4xx_tim.o
    0x08002636   0x08002636   0x00000002   PAD
    0x08002638   0x08002638   0x00000084   Code   RO         1424    i.TIM_TimeBaseInit  stm32f4xx_tim.o
    0x080026bc   0x080026bc   0x0000005c   Code   RO         3197    i.Timer4_Init       usmart.o
    0x08002718   0x08002718   0x00000010   Code   RO          512    i.USART1_IRQHandler  bsp_uart_fifo.o
    0x08002728   0x08002728   0x00000010   Code   RO          513    i.USART2_IRQHandler  bsp_uart_fifo.o
    0x08002738   0x08002738   0x00000010   Code   RO          514    i.USART3_IRQHandler  bsp_uart_fifo.o
    0x08002748   0x08002748   0x00000010   Code   RO          515    i.USART6_IRQHandler  bsp_uart_fifo.o
    0x08002758   0x08002758   0x00000012   Code   RO         2450    i.USART_ClearFlag   stm32f4xx_usart.o
    0x0800276a   0x0800276a   0x00000018   Code   RO         2454    i.USART_Cmd         stm32f4xx_usart.o
    0x08002782   0x08002782   0x00000054   Code   RO         2458    i.USART_GetITStatus  stm32f4xx_usart.o
    0x080027d6   0x080027d6   0x0000004a   Code   RO         2460    i.USART_ITConfig    stm32f4xx_usart.o
    0x08002820   0x08002820   0x000000d4   Code   RO         2461    i.USART_Init        stm32f4xx_usart.o
    0x080028f4   0x080028f4   0x0000000a   Code   RO         2468    i.USART_ReceiveData  stm32f4xx_usart.o
    0x080028fe   0x080028fe   0x00000008   Code   RO         2471    i.USART_SendData    stm32f4xx_usart.o
    0x08002906   0x08002906   0x00000002   PAD
    0x08002908   0x08002908   0x00000154   Code   RO          517    i.UartIRQ           bsp_uart_fifo.o
    0x08002a5c   0x08002a5c   0x00000072   Code   RO          518    i.UartSend          bsp_uart_fifo.o
    0x08002ace   0x08002ace   0x00000002   PAD
    0x08002ad0   0x08002ad0   0x000000fc   Code   RO          519    i.UartVarInit       bsp_uart_fifo.o
    0x08002bcc   0x08002bcc   0x00000004   Code   RO          690    i.UsageFault_Handler  stm32f4xx_it.o
    0x08002bd0   0x08002bd0   0x00000008   Code   RO          915    i.WriteComm         bsp_lcd.o
    0x08002bd8   0x08002bd8   0x0000000c   Code   RO          916    i.WriteData         bsp_lcd.o
    0x08002be4   0x08002be4   0x00000020   Code   RO         3731    i.__0printf         mc_w.l(printfa.o)
    0x08002c04   0x08002c04   0x00000028   Code   RO         3733    i.__0sprintf        mc_w.l(printfa.o)
    0x08002c2c   0x08002c2c   0x0000000e   Code   RO         3815    i.__scatterload_copy  mc_w.l(handlers.o)
    0x08002c3a   0x08002c3a   0x00000002   Code   RO         3816    i.__scatterload_null  mc_w.l(handlers.o)
    0x08002c3c   0x08002c3c   0x0000000e   Code   RO         3817    i.__scatterload_zeroinit  mc_w.l(handlers.o)
    0x08002c4a   0x08002c4a   0x00000006   Code   RO          388    i.__set_PRIMASK     bsp_timer.o
    0x08002c50   0x08002c50   0x00000006   Code   RO          520    i.__set_PRIMASK     bsp_uart_fifo.o
    0x08002c56   0x08002c56   0x00000002   PAD
    0x08002c58   0x08002c58   0x00000184   Code   RO         3738    i._fp_digits        mc_w.l(printfa.o)
    0x08002ddc   0x08002ddc   0x000006dc   Code   RO         3739    i._printf_core      mc_w.l(printfa.o)
    0x080034b8   0x080034b8   0x00000024   Code   RO         3740    i._printf_post_padding  mc_w.l(printfa.o)
    0x080034dc   0x080034dc   0x0000002e   Code   RO         3741    i._printf_pre_padding  mc_w.l(printfa.o)
    0x0800350a   0x0800350a   0x0000000a   Code   RO         3743    i._sputc            mc_w.l(printfa.o)
    0x08003514   0x08003514   0x00000034   Code   RO          389    i.bsp_CheckTimer    bsp_timer.o
    0x08003548   0x08003548   0x00000044   Code   RO          390    i.bsp_DelayMS       bsp_timer.o
    0x0800358c   0x0800358c   0x00000054   Code   RO          391    i.bsp_DelayUS       bsp_timer.o
    0x080035e0   0x080035e0   0x00000002   Code   RO          770    i.bsp_Idle          bsp.o
    0x080035e2   0x080035e2   0x00000002   PAD
    0x080035e4   0x080035e4   0x00000030   Code   RO          771    i.bsp_Init          bsp.o
    0x08003614   0x08003614   0x000000fc   Code   RO         1296    i.bsp_InitADC       bsp_adc.o
    0x08003710   0x08003710   0x00000068   Code   RO          393    i.bsp_InitHardTimer  bsp_timer.o
    0x08003778   0x08003778   0x0000005c   Code   RO          337    i.bsp_InitLed       bsp_led.o
    0x080037d4   0x080037d4   0x0000009c   Code   RO          394    i.bsp_InitTimer     bsp_timer.o
    0x08003870   0x08003870   0x00000014   Code   RO          521    i.bsp_InitUart      bsp_uart_fifo.o
    0x08003884   0x08003884   0x00000024   Code   RO          339    i.bsp_LedOff        bsp_led.o
    0x080038a8   0x080038a8   0x00000028   Code   RO          341    i.bsp_LedToggle     bsp_led.o
    0x080038d0   0x080038d0   0x00000002   Code   RO          772    i.bsp_RunPer10ms    bsp.o
    0x080038d2   0x080038d2   0x00000002   Code   RO          773    i.bsp_RunPer1ms     bsp.o
    0x080038d4   0x080038d4   0x0000001c   Code   RO          395    i.bsp_SoftTimerDec  bsp_timer.o
    0x080038f0   0x080038f0   0x000000a8   Code   RO          396    i.bsp_StartAutoTimer  bsp_timer.o
    0x08003998   0x08003998   0x000000c8   Code   RO          397    i.bsp_StartHardTimer  bsp_timer.o
    0x08003a60   0x08003a60   0x00000244   Code   RO         1235    i.bsp_phase_shift_init  bsp_phase_shift.o
    0x08003ca4   0x08003ca4   0x0000008c   Code   RO         1236    i.bsp_set_phase_shift_duty_cycle  bsp_phase_shift.o
    0x08003d30   0x08003d30   0x0000002e   Code   RO          526    i.comSendBuf        bsp_uart_fifo.o
    0x08003d5e   0x08003d5e   0x00000010   Code   RO          527    i.comSendChar       bsp_uart_fifo.o
    0x08003d6e   0x08003d6e   0x00000012   Code   RO          529    i.fputc             bsp_uart_fifo.o
    0x08003d80   0x08003d80   0x00000290   Code   RO            5    i.main              main.o
    0x08004010   0x08004010   0x00000006   Code   RO         3198    i.read_addr         usmart.o
    0x08004016   0x08004016   0x00000022   Code   RO          917    i.set_mode          bsp_lcd.o
    0x08004038   0x08004038   0x000000b0   Code   RO         3199    i.usmart_cmd_rec    usmart.o
    0x080040e8   0x080040e8   0x000002d4   Code   RO         3200    i.usmart_exe        usmart.o
    0x080043bc   0x080043bc   0x000000c8   Code   RO         3309    i.usmart_get_aparm  usmart_str.o
    0x08004484   0x08004484   0x00000036   Code   RO         3310    i.usmart_get_cmdname  usmart_str.o
    0x080044ba   0x080044ba   0x00000002   PAD
    0x080044bc   0x080044bc   0x000001c0   Code   RO         3311    i.usmart_get_fname  usmart_str.o
    0x0800467c   0x0800467c   0x0000010c   Code   RO         3312    i.usmart_get_fparam  usmart_str.o
    0x08004788   0x08004788   0x00000020   Code   RO         3313    i.usmart_get_parmpos  usmart_str.o
    0x080047a8   0x080047a8   0x00000044   Code   RO         3201    i.usmart_get_runtime  usmart.o
    0x080047ec   0x080047ec   0x00000028   Code   RO         3202    i.usmart_init       usmart.o
    0x08004814   0x08004814   0x00000016   Code   RO         3314    i.usmart_pow        usmart_str.o
    0x0800482a   0x0800482a   0x00000002   PAD
    0x0800482c   0x0800482c   0x00000030   Code   RO         3203    i.usmart_reset_runtime  usmart.o
    0x0800485c   0x0800485c   0x000000bc   Code   RO         3204    i.usmart_scan       usmart.o
    0x08004918   0x08004918   0x00000016   Code   RO         3315    i.usmart_search_nextc  usmart_str.o
    0x0800492e   0x0800492e   0x000000ca   Code   RO         3316    i.usmart_str2num    usmart_str.o
    0x080049f8   0x080049f8   0x00000022   Code   RO         3317    i.usmart_strcmp     usmart_str.o
    0x08004a1a   0x08004a1a   0x00000016   Code   RO         3318    i.usmart_strcopy    usmart_str.o
    0x08004a30   0x08004a30   0x00000018   Code   RO         3319    i.usmart_strlen     usmart_str.o
    0x08004a48   0x08004a48   0x000006e4   Code   RO         3205    i.usmart_sys_cmd_exe  usmart.o
    0x0800512c   0x0800512c   0x00000004   Code   RO         3206    i.write_addr        usmart.o
    0x08005130   0x08005130   0x00000030   Data   RO          401    .constdata          bsp_timer.o
    0x08005160   0x08005160   0x000017c0   Data   RO          920    .constdata          bsp_lcd.o
    0x08006920   0x08006920   0x00000028   Data   RO         3207    .conststring        usmart.o
    0x08006948   0x08006948   0x00000278   Data   RO         3284    .conststring        usmart_config.o
    0x08006bc0   0x08006bc0   0x00000020   Data   RO         3813    Region$$Table       anon$$obj.o


    Execution Region RW_IRAM1 (Exec base: 0x20000000, Load base: 0x08006be0, Size: 0x00002920, Max: 0x00030000, ABSOLUTE, COMPRESSED[0x00000098])

    Exec Addr    Load Addr    Size         Type   Attr      Idx    E Section Name        Object

    0x20000000   COMPRESSED   0x0000001d   Data   RW          402    .data               bsp_timer.o
    0x2000001d   COMPRESSED   0x00000001   PAD
    0x2000001e   COMPRESSED   0x00000003   Data   RW          531    .data               bsp_uart_fifo.o
    0x20000021   COMPRESSED   0x00000001   Data   RW         1088    .data               bsp_modbus.o
    0x20000022   COMPRESSED   0x00000002   PAD
    0x20000024   COMPRESSED   0x00000008   Data   RW         1298    .data               bsp_adc.o
    0x2000002c   COMPRESSED   0x00000010   Data   RW         1955    .data               stm32f4xx_rcc.o
    0x2000003c   COMPRESSED   0x00000014   Data   RW         3158    .data               system_stm32f4xx.o
    0x20000050   COMPRESSED   0x0000001c   Data   RW         3208    .data               usmart.o
    0x2000006c   COMPRESSED   0x00000154   Data   RW         3285    .data               usmart_config.o
    0x200001c0   COMPRESSED   0x00000004   Data   RW         3791    .data               mc_w.l(stdout.o)
    0x200001c4        -       0x00000030   Zero   RW          400    .bss                bsp_timer.o
    0x200001f4        -       0x00002168   Zero   RW          530    .bss                bsp_uart_fifo.o
    0x2000235c        -       0x0000000c   Zero   RW          919    .bss                bsp_lcd.o
    0x20002368        -       0x00000190   Zero   RW         1087    .bss                bsp_modbus.o
    0x200024f8        -       0x00000028   Zero   RW         1297    .bss                bsp_adc.o
    0x20002520        -       0x00000400   Zero   RW         1326    STACK               startup_stm32f40_41xxx.o


==============================================================================

Image component sizes


      Code (inc. data)   RO Data    RW Data    ZI Data      Debug   Object Name

        54          6          0          0          0       1991   bsp.o
       400         72          0          8         40       2287   bsp_adc.o
      2424         58       6080          0         12      13593   bsp_lcd.o
       168         16          0          0          0       1739   bsp_led.o
        84         16          0          1        400       2207   bsp_modbus.o
       720         66          0          0          0       2032   bsp_phase_shift.o
       300         58          0          0          0        870   bsp_pwminput.o
      1166        196         48         29         48      38046   bsp_timer.o
      1874        174          0          3       8552      14527   bsp_uart_fifo.o
      1088        472          0          0          0     340223   main.o
       140         24          0          0          0       1807   misc.o
        36          8        392          0       1024        948   startup_stm32f40_41xxx.o
       392         24          0          0          0       6155   stm32f4xx_adc.o
       110          6          0          0          0       2621   stm32f4xx_dma.o
       348         12          0          0          0       2269   stm32f4xx_fsmc.o
       218          0          0          0          0       2666   stm32f4xx_gpio.o
       108         50          0          0          0       4212   stm32f4xx_it.o
       360         42          0         16          0       5756   stm32f4xx_rcc.o
       728         48          0          0          0      16888   stm32f4xx_tim.o
       430          8          0          0          0       6057   stm32f4xx_usart.o
       340         32          0         20          0       2021   system_stm32f4xx.o
      3166       1332         40         28          0       8150   usmart.o
         0          0        632        340          0       1552   usmart_config.o
      1328         20          0          0          0       9077   usmart_str.o

    ----------------------------------------------------------------------
     16012       2740       7224        448      10076     487694   Object Totals
         0          0         32          0          0          0   (incl. Generated)
        30          0          0          3          0          0   (incl. Padding)

    ----------------------------------------------------------------------

      Code (inc. data)   RO Data    RW Data    ZI Data      Debug   Library Member Name

       164          0          0          0          0      17122   arm_abs_f32.o
        56          0          0          0          0        559   arm_pid_init_f32.o
        10          0          0          0          0        508   arm_pid_reset_f32.o
        86          0          0          0          0          0   __dczerorl2.o
         0          0          0          0          0          0   entry.o
         0          0          0          0          0          0   entry10a.o
         0          0          0          0          0          0   entry11a.o
         8          4          0          0          0          0   entry2.o
         4          0          0          0          0          0   entry5.o
         0          0          0          0          0          0   entry7b.o
         0          0          0          0          0          0   entry8b.o
         8          4          0          0          0          0   entry9a.o
        30          0          0          0          0          0   handlers.o
        36          8          0          0          0         68   init.o
         0          0          0          0          0          0   iusefp.o
        30          0          0          0          0         68   llshl.o
        36          0          0          0          0         68   llsshr.o
        32          0          0          0          0         68   llushr.o
      2308         96          0          0          0        604   printfa.o
         0          0          0          4          0          0   stdout.o
        44          0          0          0          0         80   uidiv.o
        98          0          0          0          0         92   uldiv.o
        48          0          0          0          0         68   cdcmple.o
        48          0          0          0          0         68   cdrcmple.o
        56          0          0          0          0         88   d2f.o
       334          0          0          0          0        148   dadd.o
       222          0          0          0          0        100   ddiv.o
       186          0          0          0          0        176   depilogue.o
        50          0          0          0          0         76   dfixui.o
        48          0          0          0          0         68   dfixul.o
        34          0          0          0          0         76   dflti.o
        26          0          0          0          0         76   dfltui.o
       228          0          0          0          0         96   dmul.o
        38          0          0          0          0         68   f2d.o
       110          0          0          0          0        168   fepilogue.o

    ----------------------------------------------------------------------
      4380        112          0          4          0      20513   Library Totals
         2          0          0          0          0          0   (incl. Padding)

    ----------------------------------------------------------------------

      Code (inc. data)   RO Data    RW Data    ZI Data      Debug   Library Name

       230          0          0          0          0      18189   arm_cortexM4lf_math.lib
      2720        112          0          4          0       1048   mc_w.l
      1428          0          0          0          0       1276   mf_w.l

    ----------------------------------------------------------------------
      4380        112          0          4          0      20513   Library Totals

    ----------------------------------------------------------------------

==============================================================================


      Code (inc. data)   RO Data    RW Data    ZI Data      Debug   

     20392       2852       7224        452      10076     493195   Grand Totals
     20392       2852       7224        152      10076     493195   ELF Image Totals (compressed)
     20392       2852       7224        152          0          0   ROM Totals

==============================================================================

    Total RO  Size (Code + RO Data)                27616 (  26.97kB)
    Total RW  Size (RW Data + ZI Data)             10528 (  10.28kB)
    Total ROM Size (Code + RO Data + RW Data)      27768 (  27.12kB)

==============================================================================

